Archive member included because of file (symbol)

c:/devkitPro/libnds/lib\libnds9.a(background.o)
                              main.o (bgState)
c:/devkitPro/libnds/lib\libnds9.a(console.o)
                              main.o (consoleSelect)
c:/devkitPro/libnds/lib\libnds9.a(decompress.o)
                              main.o (decompress)
c:/devkitPro/libnds/lib\libnds9.a(keys.o)
                              main.o (scanKeys)
c:/devkitPro/libnds/lib\libnds9.a(sassert.o)
                              main.o (__sassert)
c:/devkitPro/libnds/lib\libnds9.a(sprite.o)
                              main.o (oamInit)
c:/devkitPro/libnds/lib\libnds9.a(sprite_alloc.o)
                              c:/devkitPro/libnds/lib\libnds9.a(sprite.o) (oamAllocReset)
c:/devkitPro/libnds/lib\libnds9.a(touch.o)
                              main.o (touchRead)
c:/devkitPro/libnds/lib\libnds9.a(trig.o)
                              c:/devkitPro/libnds/lib\libnds9.a(background.o) (sinLerp)
c:/devkitPro/libnds/lib\libnds9.a(initSystem.o)
                              c:/devkitpro/devkitarm/bin/../lib/gcc/arm-eabi/4.7.0/../../../../arm-eabi/lib/thumb/ds_arm9_crt0.o (initSystem)
c:/devkitPro/libnds/lib\libnds9.a(fifosystem.o)
                              c:/devkitPro/libnds/lib\libnds9.a(initSystem.o) (fifoSendValue32)
c:/devkitPro/libnds/lib\libnds9.a(interrupts.o)
                              c:/devkitPro/libnds/lib\libnds9.a(fifosystem.o) (irqSet)
c:/devkitPro/libnds/lib\libnds9.a(libnds_exit.arm.o)
                              c:/devkitpro/devkitarm/bin/../lib/gcc/arm-eabi/4.7.0/../../../../arm-eabi/lib/thumb/ds_arm9_crt0.o (__libnds_exit)
c:/devkitPro/libnds/lib\libnds9.a(syscalls.o)
                              c:/devkitPro/libnds/lib\libnds9.a(decompress.o) (swiDecompressLZSSVram)
c:/devkitPro/libnds/lib\libnds9.a(dcache.o)
                              c:/devkitPro/libnds/lib\libnds9.a(sprite.o) (DC_FlushRange)
c:/devkitPro/libnds/lib\libnds9.a(mpu_setup.o)
                              c:/devkitpro/devkitarm/bin/../lib/gcc/arm-eabi/4.7.0/../../../../arm-eabi/lib/thumb/ds_arm9_crt0.o (__libnds_mpu_setup)
c:/devkitPro/libnds/lib\libnds9.a(biosCalls.o)
                              c:/devkitPro/libnds/lib\libnds9.a(fifosystem.o) (swiIntrWait)
c:/devkitPro/libnds/lib\libnds9.a(debugprint.o)
                              c:/devkitPro/libnds/lib\libnds9.a(console.o) (nocashWrite)
c:/devkitPro/libnds/lib\libnds9.a(interruptDispatcher.o)
                              c:/devkitPro/libnds/lib\libnds9.a(interrupts.o) (IntrMain)
c:/devkitPro/libnds/lib\libnds9.a(swiSoftReset.o)
                              c:/devkitPro/libnds/lib\libnds9.a(fifosystem.o) (swiSoftReset)
c:/devkitPro/libnds/lib\libnds9.a(default_font.bin.o)
                              c:/devkitPro/libnds/lib\libnds9.a(console.o) (default_font_bin)
c:/devkitPro/libnds/lib\libnds9.a(system.o)
                              c:/devkitPro/libnds/lib\libnds9.a(initSystem.o) (systemMsgHandler)
c:/devkitPro/libnds/lib\libnds9.a(video.o)
                              c:/devkitPro/libnds/lib\libnds9.a(initSystem.o) (vramDefault)
c:/devkitpro/devkitarm/bin/../lib/gcc/arm-eabi/4.7.0/thumb\libgcc.a(_divsi3.o)
                              c:/devkitPro/libnds/lib\libnds9.a(console.o) (__aeabi_idivmod)
c:/devkitpro/devkitarm/bin/../lib/gcc/arm-eabi/4.7.0/thumb\libgcc.a(_dvmd_tls.o)
                              c:/devkitpro/devkitarm/bin/../lib/gcc/arm-eabi/4.7.0/thumb\libgcc.a(_divsi3.o) (__aeabi_idiv0)
c:/devkitpro/devkitarm/bin/../lib/gcc/arm-eabi/4.7.0/thumb\libgcc.a(_arm_addsubdf3.o)
                              main.o (__aeabi_i2d)
c:/devkitpro/devkitarm/bin/../lib/gcc/arm-eabi/4.7.0/thumb\libgcc.a(_arm_muldivdf3.o)
                              main.o (__aeabi_dmul)
c:/devkitpro/devkitarm/bin/../lib/gcc/arm-eabi/4.7.0/thumb\libgcc.a(_arm_fixdfsi.o)
                              main.o (__aeabi_d2iz)
c:/devkitpro/devkitarm/bin/../lib/gcc/arm-eabi/4.7.0/../../../../arm-eabi/lib/thumb\libg.a(lib_a-bsearch.o)
                              c:/devkitPro/libnds/lib\libnds9.a(trig.o) (bsearch)
c:/devkitpro/devkitarm/bin/../lib/gcc/arm-eabi/4.7.0/../../../../arm-eabi/lib/thumb\libg.a(lib_a-impure.o)
                              c:/devkitPro/libnds/lib\libnds9.a(console.o) (_impure_ptr)
c:/devkitpro/devkitarm/bin/../lib/gcc/arm-eabi/4.7.0/../../../../arm-eabi/lib/thumb\libg.a(lib_a-init.o)
                              c:/devkitpro/devkitarm/bin/../lib/gcc/arm-eabi/4.7.0/../../../../arm-eabi/lib/thumb/ds_arm9_crt0.o (__libc_init_array)
c:/devkitpro/devkitarm/bin/../lib/gcc/arm-eabi/4.7.0/../../../../arm-eabi/lib/thumb\libg.a(lib_a-iprintf.o)
                              c:/devkitPro/libnds/lib\libnds9.a(console.o) (iprintf)
c:/devkitpro/devkitarm/bin/../lib/gcc/arm-eabi/4.7.0/../../../../arm-eabi/lib/thumb\libg.a(lib_a-malloc.o)
                              c:/devkitPro/libnds/lib\libnds9.a(sprite_alloc.o) (malloc)
[...]
Memory Configuration

Name             Origin             Length             Attributes
rom              0x08000000         0x02000000
ewram            0x02000000         0x003ff000
dtcm             0x0b000000         0x00004000
vectors          0x01000000         0x00000100
itcm             0x01000100         0x00007f00
*default*        0x00000000         0xffffffff

Linker script and memory map

                0x01000000                __vectors_start = ORIGIN (vectors)
                0x01000100                __itcm_start = ORIGIN (itcm)
                0x023ff000                __ewram_end = (ORIGIN (ewram) + 0x3ff000)
                0x023ff000                __eheap_end = (ORIGIN (ewram) + 0x3ff000)
                0x0b000000                __dtcm_start = ORIGIN (dtcm)
                0x0b004000                __dtcm_top = (ORIGIN (dtcm) + 0x4000)
                0x0b003ff8                __irq_flags = (__dtcm_top - 0x8)
                0x0b003ffc                __irq_vector = (__dtcm_top - 0x4)
                0x0b003f00                __sp_svc = (__dtcm_top - 0x100)
                0x0b003e00                __sp_irq = (__sp_svc - 0x100)
                0x0b003d00                __sp_usr = (__sp_irq - 0x100)

.init           0x02000000      0x23c
                0x02000000                __text_start = .
 *(.init)
 .init          0x02000000      0x230 c:/devkitpro/devkitarm/bin/../lib/gcc/arm-eabi/4.7.0/../../../../arm-eabi/lib/thumb/ds_arm9_crt0.o
                0x02000000                _start
 .init          0x02000230        0x4 c:/devkitpro/devkitarm/bin/../lib/gcc/arm-eabi/4.7.0/thumb/crti.o
                0x02000230                _init
 .init          0x02000234        0x8 c:/devkitpro/devkitarm/bin/../lib/gcc/arm-eabi/4.7.0/thumb/crtn.o
                0x0200023c                . = ALIGN (0x4)

.plt
 *(.plt)

.text           0x02000240    0x10720
 *(EXCLUDE_FILE(*.itcm*) .text)
 .text          0x02000240        0x0 c:/devkitpro/devkitarm/bin/../lib/gcc/arm-eabi/4.7.0/../../../../arm-eabi/lib/thumb/ds_arm9_crt0.o
 .text          0x02000240        0x0 c:/devkitpro/devkitarm/bin/../lib/gcc/arm-eabi/4.7.0/thumb/crti.o
 .text          0x02000240       0xd0 c:/devkitpro/devkitarm/bin/../lib/gcc/arm-eabi/4.7.0/thumb/crtbegin.o
 .text          0x02000310        0x0 soundbank.bin.o
 .text          0x02000310        0x0 MainBg.o
 .text          0x02000310        0x0 MainBg2.o
 .text          0x02000310        0x0 MainBg2_automatic.o
 .text          0x02000310        0x0 MainBg2_manual.o
 .text          0x02000310        0x0 automaticOff1.o
 .text          0x02000310        0x0 automaticOff2.o
 .text          0x02000310        0x0 automaticOff3.o
 .text          0x02000310        0x0 automaticOn1.o
 .text          0x02000310        0x0 automaticOn2.o
 .text          0x02000310        0x0 automaticOn3.o
 .text          0x02000310        0x0 manualOff1.o
 .text          0x02000310        0x0 manualOff2.o
 .text          0x02000310        0x0 manualOff3.o
 .text          0x02000310        0x0 manualOn1.o
 .text          0x02000310        0x0 manualOn2.o
 .text          0x02000310        0x0 manualOn3.o
 .text          0x02000310        0x0 yang1.o
 .text          0x02000310        0x0 yang2.o
 .text          0x02000310        0x0 yin1.o
 .text          0x02000310        0x0 yin2.o
 .text          0x02000310     0x1070 main.o
                0x02000310                initVideo
                0x02000378                initBackgrounds
                0x02000454                initConsole
                0x02000488                initSprites
                0x02000d5c                moveYinYangs
                0x02000f08                initYinYangs
                0x02001174                within
                0x020011ac                generateCoinFlipSet
                0x020011d8                calculateHexagram
 .text          0x02001380      0x2e8 c:/devkitPro/libnds/lib\libnds9.a(background.o)
                0x02001380                bgIsText
                0x0200138c                checkIfText
                0x020013e4                bgUpdate
                0x020014d8                bgInit_call
                0x0200159c                bgInitSub_call
 .text          0x02001668      0xa4c c:/devkitPro/libnds/lib\libnds9.a(console.o)
                0x02001708                nocash_write
                0x02001718                consoleGetDefault
                0x02001724                consoleSelect
                0x02001734                consoleDebugInit
                0x02001784                consolePrintChar
                0x02001950                consoleLoadFont
                0x02001bd8                consoleSetFont
                0x02001bf8                consoleInit
                0x02001d60                consoleDemoInit
                0x02001da4                con_write
                0x02002080                consoleClear
                0x02002090                consoleSetWindow
 .text          0x020020b4       0x84 c:/devkitPro/libnds/lib\libnds9.a(decompress.o)
                0x020020b4                getHeader
                0x020020b8                readByte
                0x020020bc                decompress
                0x020020fc                decompressStream
 .text          0x02002138       0xf4 c:/devkitPro/libnds/lib\libnds9.a(keys.o)
                0x02002138                scanKeys
                0x020021a4                keysHeld
                0x020021b0                keysDown
                0x020021c0                keysDownRepeat
                0x020021d0                keysSetRepeat
                0x020021e8                keysUp
                0x020021f8                keysCurrent
 .text          0x0200222c       0x24 c:/devkitPro/libnds/lib\libnds9.a(sassert.o)
                0x0200222c                __sassert
 .text          0x02002250      0x3f4 c:/devkitPro/libnds/lib\libnds9.a(sprite.o)
                0x02002250                oamInit
                0x02002364                oamDisable
                0x02002394                oamEnable
                0x020023b8                oamGetGfxPtr
                0x020023ec                oamClear
                0x02002414                oamGfxPtrToOffset
                0x02002448                oamSet
                0x02002598                oamUpdate
                0x020025f8                oamRotateScale
 .text          0x02002644      0x450 c:/devkitPro/libnds/lib\libnds9.a(sprite_alloc.o)
                0x02002674                oamAllocReset
                0x020026a8                oamAllocateGfx
                0x020028ac                oamFreeGfx
                0x02002a48                oamCountFragments
 .text          0x02002a94       0x4c c:/devkitPro/libnds/lib\libnds9.a(touch.o)
                0x02002a94                touchRead
                0x02002abc                touchReadXY
 .text          0x02002ae0      0x244 c:/devkitPro/libnds/lib\libnds9.a(trig.o)
                0x02002ae0                asinComp
                0x02002b08                sinLutLookup
                0x02002b44                sinLerp
                0x02002b7c                cosLerp
                0x02002b90                tanLutLookup
                0x02002bc8                tanLerp
                0x02002c6c                asinLerp
                0x02002ce8                acosLerp
                0x02002cfc                atanComp
 .text          0x02002d24      0x140 c:/devkitPro/libnds/lib\libnds9.a(initSystem.o)
                0x02002d24                initSystem
 .text          0x02002e64      0xc58 c:/devkitPro/libnds/lib\libnds9.a(fifosystem.o)
                0x020030b8                fifoSendAddress
                0x020030e4                fifoSendValue32
                0x02003124                fifoSendDatamsg
                0x02003194                fifoGetAddress
                0x0200320c                fifoSetAddressHandler
                0x02003280                fifoGetValue32
                0x020032f4                fifoSetValue32Handler
                0x02003368                fifoGetDatamsg
                0x020037ec                fifoSetDatamsgHandler
                0x02003884                fifoCheckAddress
                0x020038a8                fifoCheckDatamsg
                0x020038cc                fifoCheckValue32
                0x020038f0                fifoInit
 .text          0x02003abc      0x1ec c:/devkitPro/libnds/lib\libnds9.a(interrupts.o)
                0x02003abc                irqDummy
                0x02003ac0                irqSet
                0x02003b2c                irqInit
                0x02003b78                irqInitHandler
                0x02003ba8                irqEnable
                0x02003c0c                irqDisable
                0x02003c70                irqClear
 .text          0x02003ca8       0x58 c:/devkitPro/libnds/lib\libnds9.a(libnds_exit.arm.o)
                0x02003ca8                systemErrorExit
                0x02003cac                __libnds_exit
 .text          0x02003d00       0x1c c:/devkitPro/libnds/lib\libnds9.a(syscalls.o)
                0x02003d00                swiDecompressLZSSVram
 .text          0x02003d1c       0x70 c:/devkitPro/libnds/lib\libnds9.a(dcache.o)
                0x02003d1c                DC_FlushAll
                0x02003d48                DC_FlushRange
                0x02003d64                DC_InvalidateAll
                0x02003d70                DC_InvalidateRange
 .text          0x02003d8c      0x1b4 c:/devkitPro/libnds/lib\libnds9.a(mpu_setup.o)
                0x02003d8c                __libnds_mpu_setup
                0x02003ecc                memCached
                0x02003ee4                memUncached
 .text          0x02003f40       0x70 c:/devkitPro/libnds/lib\libnds9.a(biosCalls.o)
                0x02003f40                swiDelay
                0x02003f44                swiIntrWait
                0x02003f48                swiWaitForVBlank
                0x02003f4c                swiSleep
                0x02003f50                swiChangeSoundBias
                0x02003f54                swiDivide
                0x02003f58                swiRemainder
                0x02003f5e                swiDivMod
                0x02003f6a                swiCopy
                0x02003f6e                swiFastCopy
                0x02003f72                swiSqrt
                0x02003f76                swiCRC16
                0x02003f7a                swiIsDebugger
                0x02003f7e                swiUnpackBits
                0x02003f82                swiDecompressLZSSWram
                0x02003f86                swiDecompressLZSSVramNTR
                0x02003f8a                swiDecompressLZSSVramTWL
                0x02003f8e                swiDecompressHuffman
                0x02003f92                swiDecompressRLEWram
                0x02003f96                swiDecompressRLEVram
                0x02003f9a                swiWaitForIRQ
                0x02003f9e                swiDecodeDelta8
                0x02003fa2                swiDecodeDelta16
                0x02003fa6                swiSetHaltCR
 .text          0x02003fb0       0xa4 c:/devkitPro/libnds/lib\libnds9.a(debugprint.o)
                0x02003fb0                nocashWrite
                0x02003fb2                nocashMessage
 .text          0x02004054        0x0 c:/devkitPro/libnds/lib\libnds9.a(interruptDispatcher.o)
 *fill*         0x02004054        0xc ff
 .text          0x02004060       0x30 c:/devkitPro/libnds/lib\libnds9.a(swiSoftReset.o)
                0x02004060                swiSoftReset
 .text          0x02004090        0x0 c:/devkitPro/libnds/lib\libnds9.a(default_font.bin.o)
 .text          0x02004090      0x128 c:/devkitPro/libnds/lib\libnds9.a(system.o)
                0x02004090                setSDcallback
                0x0200409c                systemMsgHandler
                0x020040e0                systemSleep
                0x020040f8                systemValueHandler
                0x02004134                powerOn
                0x02004160                powerOff
                0x02004188                ledBlink
                0x02004198                getBatteryLevel
 .text          0x020041b8      0x1f8 c:/devkitPro/libnds/lib\libnds9.a(video.o)
                0x020041b8                vramSetPrimaryBanks
                0x020041fc                vramSetMainBanks
                0x02004240                vramSetBanks_EFG
                0x02004278                vramRestorePrimaryBanks
                0x02004284                vramRestoreMainBanks
                0x02004290                vramRestoreBanks_EFG
                0x0200429c                setBrightness
                0x020042dc                vramDefault
 .text          0x020043b0      0x150 c:/devkitpro/devkitarm/bin/../lib/gcc/arm-eabi/4.7.0/thumb\libgcc.a(_divsi3.o)
                0x020043b0                __divsi3
                0x020043b0                __aeabi_idiv
                0x020044e0                __aeabi_idivmod
 .text          0x02004500        0x4 c:/devkitpro/devkitarm/bin/../lib/gcc/arm-eabi/4.7.0/thumb\libgcc.a(_dvmd_tls.o)
                0x02004500                __aeabi_idiv0
                0x02004500                __aeabi_ldiv0
 .text          0x02004504      0x41c c:/devkitpro/devkitarm/bin/../lib/gcc/arm-eabi/4.7.0/thumb\libgcc.a(_arm_addsubdf3.o)
                0x02004504                __aeabi_drsub
                0x0200450c                __aeabi_dsub
                0x0200450c                __subdf3
                0x02004510                __aeabi_dadd
                0x02004510                __adddf3
                0x02004820                __floatunsidf
                0x02004820                __aeabi_ui2d
                0x02004844                __floatsidf
                0x02004844                __aeabi_i2d
                0x0200486c                __aeabi_f2d
                0x0200486c                __extendsfdf2
                0x020048ac                __floatundidf
                0x020048ac                __aeabi_ul2d
                0x020048c0                __floatdidf
                0x020048c0                __aeabi_l2d
 .text          0x02004920      0x49c c:/devkitpro/devkitarm/bin/../lib/gcc/arm-eabi/4.7.0/thumb\libgcc.a(_arm_muldivdf3.o)
                0x02004920                __aeabi_dmul
                0x02004920                __muldf3
                0x02004bb0                __divdf3
                0x02004bb0                __aeabi_ddiv
 .text          0x02004dbc       0x5c c:/devkitpro/devkitarm/bin/../lib/gcc/arm-eabi/4.7.0/thumb\libgcc.a(_arm_fixdfsi.o)
                0x02004dbc                __aeabi_d2iz
                0x02004dbc                __fixdfsi
 .text          0x02004e18       0x64 c:/devkitpro/devkitarm/bin/../lib/gcc/arm-eabi/4.7.0/../../../../arm-eabi/lib/thumb\libg.a(lib_a-bsearch.o)
                0x02004e18                bsearch
 .text          0x02004e7c        0x0 c:/devkitpro/devkitarm/bin/../lib/gcc/arm-eabi/4.7.0/../../../../arm-eabi/lib/thumb\libg.a(lib_a-impure.o)
 .text          0x02004e7c       0x54 c:/devkitpro/devkitarm/bin/../lib/gcc/arm-eabi/4.7.0/../../../../arm-eabi/lib/thumb\libg.a(lib_a-init.o)
                0x02004e7c                __libc_init_array
 .text          0x02004ed0       0x40 c:/devkitpro/devkitarm/bin/../lib/gcc/arm-eabi/4.7.0/../../../../arm-eabi/lib/thumb\libg.a(lib_a-iprintf.o)
                0x02004ed0                iprintf
                0x02004ef4                _iprintf_r
 .text          0x02004f10       0x30 c:/devkitpro/devkitarm/bin/../lib/gcc/arm-eabi/4.7.0/../../../../arm-eabi/lib/thumb\libg.a(lib_a-malloc.o)
                0x02004f10                malloc
                0x02004f28                free
 .text          0x02004f40      0x51c c:/devkitpro/devkitarm/bin/../lib/gcc/arm-eabi/4.7.0/../../../../arm-eabi/lib/thumb\libg.a(lib_a-mallocr.o)
                0x02004f40                _malloc_r
 .text          0x0200545c       0x90 c:/devkitpro/devkitarm/bin/../lib/gcc/arm-eabi/4.7.0/../../../../arm-eabi/lib/thumb\libg.a(lib_a-memcpy-stub.o)
                0x0200545c                memcpy
 .text          0x020054ec        0x8 c:/devkitpro/devkitarm/bin/../lib/gcc/arm-eabi/4.7.0/../../../../arm-eabi/lib/thumb\libg.a(lib_a-mlock.o)
                0x020054ec                __malloc_lock
                0x020054f0                __malloc_unlock
 .text          0x020054f4       0x40 c:/devkitpro/devkitarm/bin/../lib/gcc/arm-eabi/4.7.0/../../../../arm-eabi/lib/thumb\libg.a(lib_a-printf.o)
                0x020054f4                _printf_r
                0x02005510                printf
 .text          0x02005534       0x28 c:/devkitpro/devkitarm/bin/../lib/gcc/arm-eabi/4.7.0/../../../../arm-eabi/lib/thumb\libg.a(lib_a-putchar.o)
                0x02005534                _putchar_r
                0x02005544                putchar
 .text          0x0200555c       0xc4 c:/devkitpro/devkitarm/bin/../lib/gcc/arm-eabi/4.7.0/../../../../arm-eabi/lib/thumb\libg.a(lib_a-putc.o)
                0x0200555c                _putc_r
                0x020055bc                putc
 .text          0x02005620       0x84 c:/devkitpro/devkitarm/bin/../lib/gcc/arm-eabi/4.7.0/../../../../arm-eabi/lib/thumb\libg.a(lib_a-puts.o)
                0x02005620                _puts_r
                0x0200568c                puts
 *fill*         0x020056a4        0x4 ff
 .text          0x020056a8       0x50 c:/devkitpro/devkitarm/bin/../lib/gcc/arm-eabi/4.7.0/../../../../arm-eabi/lib/thumb\libg.a(lib_a-rand.o)
                0x020056a8                srand
                0x020056bc                rand
 .text          0x020056f8       0x1c c:/devkitpro/devkitarm/bin/../lib/gcc/arm-eabi/4.7.0/../../../../arm-eabi/lib/thumb\libg.a(lib_a-realloc.o)
                0x020056f8                realloc
 .text          0x02005714      0x3e8 c:/devkitpro/devkitarm/bin/../lib/gcc/arm-eabi/4.7.0/../../../../arm-eabi/lib/thumb\libg.a(lib_a-reallocr.o)
                0x02005714                _realloc_r
 .text          0x02005afc      0x120 c:/devkitpro/devkitarm/bin/../lib/gcc/arm-eabi/4.7.0/../../../../arm-eabi/lib/thumb\libg.a(lib_a-setvbuf.o)
                0x02005afc                setvbuf
 .text          0x02005c1c       0xa0 c:/devkitpro/devkitarm/bin/../lib/gcc/arm-eabi/4.7.0/../../../../arm-eabi/lib/thumb\libg.a(lib_a-siscanf.o)
                0x02005c1c                siscanf
                0x02005c6c                _siscanf_r
 .text          0x02005cbc       0xac c:/devkitpro/devkitarm/bin/../lib/gcc/arm-eabi/4.7.0/../../../../arm-eabi/lib/thumb\libg.a(lib_a-stdio.o)
                0x02005cbc                __sread
                0x02005ce8                __seofread
                0x02005cec                __swrite
                0x02005d28                __sseek
                0x02005d58                __sclose
 .text          0x02005d68       0x10 c:/devkitpro/devkitarm/bin/../lib/gcc/arm-eabi/4.7.0/../../../../arm-eabi/lib/thumb\libg.a(lib_a-strlen.o)
                0x02005d68                strlen
 .text          0x02005d78      0xa98 c:/devkitpro/devkitarm/bin/../lib/gcc/arm-eabi/4.7.0/../../../../arm-eabi/lib/thumb\libg.a(lib_a-svfiscanf.o)
                0x02005d78                _sungetc_r
                0x02005e00                __ssrefill_r
                0x02005e44                _sfread_r
                0x02005ed0                __ssvfiscanf_r
 .text          0x02006810       0x30 c:/devkitpro/devkitarm/bin/../lib/gcc/arm-eabi/4.7.0/../../../../arm-eabi/lib/thumb\libg.a(lib_a-time.o)
                0x02006810                time
 .text          0x02006840      0x188 c:/devkitpro/devkitarm/bin/../lib/gcc/arm-eabi/4.7.0/../../../../arm-eabi/lib/thumb\libg.a(lib_a-ungetc.o)
                0x02006840                __submore
                0x020068c8                _ungetc_r
                0x020069ac                ungetc
 .text          0x020069c8      0xed4 c:/devkitpro/devkitarm/bin/../lib/gcc/arm-eabi/4.7.0/../../../../arm-eabi/lib/thumb\libg.a(lib_a-vfiprintf.o)
                0x020069c8                __sprint_r
                0x02006a4c                _vfiprintf_r
                0x02007878                vfiprintf
 *fill*         0x0200789c        0x4 ff
 .text          0x020078a0     0x17e0 c:/devkitpro/devkitarm/bin/../lib/gcc/arm-eabi/4.7.0/../../../../arm-eabi/lib/thumb\libg.a(lib_a-vfprintf.o)
                0x020078a0                _vfprintf_r
                0x02009058                vfprintf
 .text          0x02009080       0xd0 c:/devkitpro/devkitarm/bin/../lib/gcc/arm-eabi/4.7.0/../../../../arm-eabi/lib/thumb\libg.a(lib_a-wbuf.o)
                0x02009080                __swbuf_r
                0x02009134                __swbuf
 .text          0x02009150       0xe8 c:/devkitpro/devkitarm/bin/../lib/gcc/arm-eabi/4.7.0/../../../../arm-eabi/lib/thumb\libg.a(lib_a-wcrtomb.o)
                0x02009150                _wcrtomb_r
                0x020091b8                wcrtomb
 .text          0x02009238       0x40 c:/devkitpro/devkitarm/bin/../lib/gcc/arm-eabi/4.7.0/../../../../arm-eabi/lib/thumb\libg.a(lib_a-wcsrtombs.o)
                0x02009238                _wcsrtombs_r
                0x02009250                wcsrtombs
 .text          0x02009278      0x2a4 c:/devkitpro/devkitarm/bin/../lib/gcc/arm-eabi/4.7.0/../../../../arm-eabi/lib/thumb\libg.a(lib_a-wctomb_r.o)
                0x02009278                __utf8_wctomb
                0x0200932c                _wctomb_r
                0x02009364                __ascii_wctomb
                0x02009384                __sjis_wctomb
                0x02009400                __eucjp_wctomb
                0x0200949c                __jis_wctomb
 .text          0x0200951c       0xd0 c:/devkitpro/devkitarm/bin/../lib/gcc/arm-eabi/4.7.0/../../../../arm-eabi/lib/thumb\libg.a(lib_a-wsetup.o)
                0x0200951c                __swsetup_r
 .text          0x020095ec       0x10 c:/devkitpro/devkitarm/bin/../lib/gcc/arm-eabi/4.7.0/../../../../arm-eabi/lib/thumb\libg.a(lib_a-ctype_.o)
                0x020095ec                __set_ctype
 *fill*         0x020095fc        0x4 ff
 .text          0x02009600     0x10a8 c:/devkitpro/devkitarm/bin/../lib/gcc/arm-eabi/4.7.0/../../../../arm-eabi/lib/thumb\libg.a(lib_a-dtoa.o)
                0x02009760                _dtoa_r
 .text          0x0200a6a8      0x1b8 c:/devkitpro/devkitarm/bin/../lib/gcc/arm-eabi/4.7.0/../../../../arm-eabi/lib/thumb\libg.a(lib_a-fflush.o)
                0x0200a6a8                __sflush_r
                0x0200a800                _fflush_r
                0x0200a830                fflush
 .text          0x0200a860      0x1d8 c:/devkitpro/devkitarm/bin/../lib/gcc/arm-eabi/4.7.0/../../../../arm-eabi/lib/thumb\libg.a(lib_a-findfp.o)
                0x0200a868                _cleanup_r
                0x0200a8c8                __sfmoreglue
                0x0200a8f8                _cleanup
                0x0200a90c                __sinit
                0x0200a960                __sfp
                0x0200a9f0                __sfp_lock_acquire
                0x0200a9f4                __sfp_lock_release
                0x0200a9f8                __sinit_lock_acquire
                0x0200a9fc                __sinit_lock_release
                0x0200aa00                __fp_lock_all
                0x0200aa1c                __fp_unlock_all
 .text          0x0200aa38      0x104 c:/devkitpro/devkitarm/bin/../lib/gcc/arm-eabi/4.7.0/../../../../arm-eabi/lib/thumb\libg.a(lib_a-fputwc.o)
                0x0200aa38                _fputwc_r
                0x0200ab10                fputwc
 .text          0x0200ab3c      0x238 c:/devkitpro/devkitarm/bin/../lib/gcc/arm-eabi/4.7.0/../../../../arm-eabi/lib/thumb\libg.a(lib_a-freer.o)
                0x0200ab3c                _malloc_trim_r
                0x0200abe0                _free_r
 .text          0x0200ad74      0x2fc c:/devkitpro/devkitarm/bin/../lib/gcc/arm-eabi/4.7.0/../../../../arm-eabi/lib/thumb\libg.a(lib_a-fvwrite.o)
                0x0200ad74                __sfvwrite_r
 .text          0x0200b070       0xb4 c:/devkitpro/devkitarm/bin/../lib/gcc/arm-eabi/4.7.0/../../../../arm-eabi/lib/thumb\libg.a(lib_a-fwalk.o)
                0x0200b070                _fwalk
                0x0200b0c4                _fwalk_reent
 .text          0x0200b124       0x78 c:/devkitpro/devkitarm/bin/../lib/gcc/arm-eabi/4.7.0/../../../../arm-eabi/lib/thumb\libg.a(lib_a-iswspace.o)
                0x0200b124                iswspace
 .text          0x0200b19c      0x1f0 c:/devkitpro/devkitarm/bin/../lib/gcc/arm-eabi/4.7.0/../../../../arm-eabi/lib/thumb\libg.a(lib_a-jp2uc.o)
                0x0200b328                _jp2uc
 .text          0x0200b38c      0x950 c:/devkitpro/devkitarm/bin/../lib/gcc/arm-eabi/4.7.0/../../../../arm-eabi/lib/thumb\libg.a(lib_a-locale.o)
                0x0200ba80                _setlocale_r
                0x0200bc7c                __locale_charset
                0x0200bc84                __locale_mb_cur_max
                0x0200bc90                __locale_msgcharset
                0x0200bc9c                __locale_cjk_lang
                0x0200bca8                _localeconv_r
                0x0200bcb4                setlocale
                0x0200bcd0                localeconv
 .text          0x0200bcdc       0xe0 c:/devkitpro/devkitarm/bin/../lib/gcc/arm-eabi/4.7.0/../../../../arm-eabi/lib/thumb\libg.a(lib_a-makebuf.o)
                0x0200bcdc                __smakebuf_r
 .text          0x0200bdbc      0x104 c:/devkitpro/devkitarm/bin/../lib/gcc/arm-eabi/4.7.0/../../../../arm-eabi/lib/thumb\libg.a(lib_a-mbrtowc.o)
                0x0200bdbc                _mbrtowc_r
                0x0200be34                mbrtowc
 .text          0x0200bec0      0x584 c:/devkitpro/devkitarm/bin/../lib/gcc/arm-eabi/4.7.0/../../../../arm-eabi/lib/thumb\libg.a(lib_a-mbtowc_r.o)
                0x0200bec0                __utf8_mbtowc
                0x0200c120                _mbtowc_r
                0x0200c15c                __ascii_mbtowc
                0x0200c18c                __sjis_mbtowc
                0x0200c24c                __eucjp_mbtowc
                0x0200c314                __jis_mbtowc
 .text          0x0200c444       0x98 c:/devkitpro/devkitarm/bin/../lib/gcc/arm-eabi/4.7.0/../../../../arm-eabi/lib/thumb\libg.a(lib_a-memchr-stub.o)
                0x0200c444                memchr
 .text          0x0200c4dc       0xb0 c:/devkitpro/devkitarm/bin/../lib/gcc/arm-eabi/4.7.0/../../../../arm-eabi/lib/thumb\libg.a(lib_a-memmove.o)
                0x0200c4dc                memmove
 .text          0x0200c58c       0x98 c:/devkitpro/devkitarm/bin/../lib/gcc/arm-eabi/4.7.0/../../../../arm-eabi/lib/thumb\libg.a(lib_a-memset.o)
                0x0200c58c                memset
 *fill*         0x0200c624        0x4 ff
 .text          0x0200c628      0x9a0 c:/devkitpro/devkitarm/bin/../lib/gcc/arm-eabi/4.7.0/../../../../arm-eabi/lib/thumb\libg.a(lib_a-mprec.o)
                0x0200c628                _Balloc
                0x0200c67c                _Bfree
                0x0200c694                __multadd
                0x0200c740                __s2b
                0x0200c7dc                __hi0bits
                0x0200c814                __lo0bits
                0x0200c874                __i2b
                0x0200c88c                __multiply
                0x0200c9f8                __pow5mult
                0x0200caa8                __lshift
                0x0200cb78                __mcmp
                0x0200cbb4                __mdiff
                0x0200cca4                __ulp
                0x0200ccec                __b2d
                0x0200cda4                __d2b
                0x0200ce5c                __ratio
                0x0200ced8                _mprec_log10
                0x0200cf1c                __copybits
                0x0200cf64                __any_on
 .text          0x0200cfc8       0x7c c:/devkitpro/devkitarm/bin/../lib/gcc/arm-eabi/4.7.0/../../../../arm-eabi/lib/thumb\libg.a(lib_a-sccl.o)
                0x0200cfc8                __sccl
 .text          0x0200d044       0x5c c:/devkitpro/devkitarm/bin/../lib/gcc/arm-eabi/4.7.0/../../../../arm-eabi/lib/thumb\libg.a(lib_a-s_fpclassify.o)
                0x0200d044                __fpclassifyd
 .text          0x0200d0a0       0x50 c:/devkitpro/devkitarm/bin/../lib/gcc/arm-eabi/4.7.0/../../../../arm-eabi/lib/thumb\libg.a(lib_a-strcasecmp.o)
                0x0200d0a0                strcasecmp
 .text          0x0200d0f0       0x50 c:/devkitpro/devkitarm/bin/../lib/gcc/arm-eabi/4.7.0/../../../../arm-eabi/lib/thumb\libg.a(lib_a-strcat.o)
                0x0200d0f0                strcat
 .text          0x0200d140       0xd4 c:/devkitpro/devkitarm/bin/../lib/gcc/arm-eabi/4.7.0/../../../../arm-eabi/lib/thumb\libg.a(lib_a-strchr.o)
                0x0200d140                strchr
 .text          0x0200d214       0x14 c:/devkitpro/devkitarm/bin/../lib/gcc/arm-eabi/4.7.0/../../../../arm-eabi/lib/thumb\libg.a(lib_a-strcmp.o)
                0x0200d214                strcmp
 .text          0x0200d228       0x10 c:/devkitpro/devkitarm/bin/../lib/gcc/arm-eabi/4.7.0/../../../../arm-eabi/lib/thumb\libg.a(lib_a-strcpy.o)
                0x0200d228                strcpy
 .text          0x0200d238       0x48 c:/devkitpro/devkitarm/bin/../lib/gcc/arm-eabi/4.7.0/../../../../arm-eabi/lib/thumb\libg.a(lib_a-strlcpy.o)
                0x0200d238                strlcpy
 .text          0x0200d280       0x60 c:/devkitpro/devkitarm/bin/../lib/gcc/arm-eabi/4.7.0/../../../../arm-eabi/lib/thumb\libg.a(lib_a-strncasecmp.o)
                0x0200d280                strncasecmp
 .text          0x0200d2e0       0xbc c:/devkitpro/devkitarm/bin/../lib/gcc/arm-eabi/4.7.0/../../../../arm-eabi/lib/thumb\libg.a(lib_a-strncmp.o)
                0x0200d2e0                strncmp
 .text          0x0200d39c       0x60 c:/devkitpro/devkitarm/bin/../lib/gcc/arm-eabi/4.7.0/../../../../arm-eabi/lib/thumb\libg.a(lib_a-strncpy.o)
                0x0200d39c                strncpy
 *fill*         0x0200d3fc        0x4 ff
 .text          0x0200d400      0x208 c:/devkitpro/devkitarm/bin/../lib/gcc/arm-eabi/4.7.0/../../../../arm-eabi/lib/thumb\libg.a(lib_a-strtoll_r.o)
                0x0200d400                _strtoll_r
 .text          0x0200d608      0x190 c:/devkitpro/devkitarm/bin/../lib/gcc/arm-eabi/4.7.0/../../../../arm-eabi/lib/thumb\libg.a(lib_a-strtol.o)
                0x0200d608                _strtol_r
                0x0200d778                strtol
 .text          0x0200d798      0x238 c:/devkitpro/devkitarm/bin/../lib/gcc/arm-eabi/4.7.0/../../../../arm-eabi/lib/thumb\libg.a(lib_a-strtoull_r.o)
                0x0200d798                _strtoull_r
 .text          0x0200d9d0      0x198 c:/devkitpro/devkitarm/bin/../lib/gcc/arm-eabi/4.7.0/../../../../arm-eabi/lib/thumb\libg.a(lib_a-strtoul.o)
                0x0200d9d0                _strtoul_r
                0x0200db48                strtoul
 .text          0x0200db68      0x150 c:/devkitpro/devkitarm/bin/../lib/gcc/arm-eabi/4.7.0/../../../../arm-eabi/lib/thumb\libg.a(lib_a-wcsnrtombs.o)
                0x0200db68                _wcsnrtombs_r
                0x0200dc88                wcsnrtombs
 .text          0x0200dcb8       0x64 c:/devkitpro/devkitarm/bin/../lib/gcc/arm-eabi/4.7.0/../../../../arm-eabi/lib/thumb\libg.a(lib_a-callocr.o)
                0x0200dcb8                _calloc_r
 .text          0x0200dd1c       0xb0 c:/devkitpro/devkitarm/bin/../lib/gcc/arm-eabi/4.7.0/../../../../arm-eabi/lib/thumb\libg.a(lib_a-fclose.o)
                0x0200dd1c                _fclose_r
                0x0200ddb0                fclose
 .text          0x0200ddcc       0xa8 c:/devkitpro/devkitarm/bin/../lib/gcc/arm-eabi/4.7.0/../../../../arm-eabi/lib/thumb\libg.a(lib_a-getenv_r.o)
                0x0200ddcc                _findenv_r
                0x0200de64                _getenv_r
 .text          0x0200de74        0x0 c:/devkitpro/devkitarm/bin/../lib/gcc/arm-eabi/4.7.0/../../../../arm-eabi/lib/thumb\libg.a(lib_a-environ.o)
 .text          0x0200de74        0x8 c:/devkitpro/devkitarm/bin/../lib/gcc/arm-eabi/4.7.0/../../../../arm-eabi/lib/thumb\libg.a(lib_a-envlock.o)
                0x0200de74                __env_lock
                0x0200de78                __env_unlock
 .text          0x0200de7c      0x144 c:/devkitpro/devkitarm/bin/../lib/gcc/arm-eabi/4.7.0/../../../../arm-eabi/lib/thumb\libsysbase.a(iosupport.o)
                0x0200de7c                setDefaultDevice
                0x0200de90                FindDevice
                0x0200df00                RemoveDevice
                0x0200df24                AddDevice
                0x0200dfa0                GetDeviceOpTab
 .text          0x0200dfc0       0x50 c:/devkitpro/devkitarm/bin/../lib/gcc/arm-eabi/4.7.0/../../../../arm-eabi/lib/thumb\libsysbase.a(close.o)
                0x0200dfc0                _close_r
 .text          0x0200e010       0x50 c:/devkitpro/devkitarm/bin/../lib/gcc/arm-eabi/4.7.0/../../../../arm-eabi/lib/thumb\libsysbase.a(fstat.o)
                0x0200e010                _fstat_r
 .text          0x0200e060        0x4 c:/devkitpro/devkitarm/bin/../lib/gcc/arm-eabi/4.7.0/../../../../arm-eabi/lib/thumb\libsysbase.a(isatty.o)
                0x0200e060                _isatty_r
 .text          0x0200e064       0x50 c:/devkitpro/devkitarm/bin/../lib/gcc/arm-eabi/4.7.0/../../../../arm-eabi/lib/thumb\libsysbase.a(lseek.o)
                0x0200e064                _lseek_r
 .text          0x0200e0b4       0x50 c:/devkitpro/devkitarm/bin/../lib/gcc/arm-eabi/4.7.0/../../../../arm-eabi/lib/thumb\libsysbase.a(read.o)
                0x0200e0b4                _read_r
 .text          0x0200e104       0x54 c:/devkitpro/devkitarm/bin/../lib/gcc/arm-eabi/4.7.0/../../../../arm-eabi/lib/thumb\libsysbase.a(sbrk.o)
                0x0200e104                _sbrk_r
 .text          0x0200e158       0x44 c:/devkitpro/devkitarm/bin/../lib/gcc/arm-eabi/4.7.0/../../../../arm-eabi/lib/thumb\libsysbase.a(times.o)
                0x0200e158                _times
                0x0200e16c                _times_r
                0x0200e174                _gettimeofday_r
 .text          0x0200e19c       0x58 c:/devkitpro/devkitarm/bin/../lib/gcc/arm-eabi/4.7.0/../../../../arm-eabi/lib/thumb\libsysbase.a(write.o)
                0x0200e19c                _write_r
 .text          0x0200e1f4        0x0 c:/devkitpro/devkitarm/bin/../lib/gcc/arm-eabi/4.7.0/../../../../arm-eabi/lib/thumb\libsysbase.a(malloc_vars.o)
 .text          0x0200e1f4       0x4c c:/devkitpro/devkitarm/bin/../lib/gcc/arm-eabi/4.7.0/../../../../arm-eabi/lib/thumb\libsysbase.a(build_argv.o)
                0x0200e1f4                build_argv
 .text          0x0200e240        0x0 c:/devkitpro/devkitarm/bin/../lib/gcc/arm-eabi/4.7.0/../../../../arm-eabi/lib/thumb\libsysbase.a(syscall_support.o)
 .text          0x0200e240       0x84 c:/devkitpro/devkitarm/bin/../lib/gcc/arm-eabi/4.7.0/../../../../arm-eabi/lib/thumb\libsysbase.a(handle_manager.o)
                0x0200e240                __release_handle
                0x0200e26c                __alloc_handle
                0x0200e2a4                __get_handle
 .text          0x0200e2c4      0x11c c:/devkitpro/devkitarm/bin/../lib/gcc/arm-eabi/4.7.0/thumb\libgcc.a(_udivsi3.o)
                0x0200e2c4                __aeabi_uidiv
                0x0200e2c4                __udivsi3
                0x0200e3c0                __aeabi_uidivmod
 .text          0x0200e3e0      0x144 c:/devkitpro/devkitarm/bin/../lib/gcc/arm-eabi/4.7.0/thumb\libgcc.a(_arm_cmpdf2.o)
                0x0200e3e0                __gtdf2
                0x0200e3e0                __gedf2
                0x0200e3e8                __ltdf2
                0x0200e3e8                __ledf2
                0x0200e3f0                __nedf2
                0x0200e3f0                __eqdf2
                0x0200e3f0                __cmpdf2
                0x0200e478                __aeabi_cdrcmple
                0x0200e494                __aeabi_cdcmpeq
                0x0200e494                __aeabi_cdcmple
                0x0200e4ac                __aeabi_dcmpeq
                0x0200e4c4                __aeabi_dcmplt
                0x0200e4dc                __aeabi_dcmple
                0x0200e4f4                __aeabi_dcmpge
                0x0200e50c                __aeabi_dcmpgt
 .text          0x0200e524       0x3c c:/devkitpro/devkitarm/bin/../lib/gcc/arm-eabi/4.7.0/thumb\libgcc.a(_aeabi_uldivmod.o)
                0x0200e524                __aeabi_uldivmod
 .text          0x0200e560       0x4c c:/devkitpro/devkitarm/bin/../lib/gcc/arm-eabi/4.7.0/thumb\libgcc.a(_muldi3.o)
                0x0200e560                __muldi3
                0x0200e560                __aeabi_lmul
 .text          0x0200e5ac       0x7c c:/devkitpro/devkitarm/bin/../lib/gcc/arm-eabi/4.7.0/thumb\libgcc.a(bpabi.o)
                0x0200e5ac                __gnu_ldivmod_helper
                0x0200e5ec                __gnu_uldivmod_helper
 .text          0x0200e628      0x3d4 c:/devkitpro/devkitarm/bin/../lib/gcc/arm-eabi/4.7.0/thumb\libgcc.a(_divdi3.o)
                0x0200e628                __divdi3
 .text          0x0200e9fc      0x3a0 c:/devkitpro/devkitarm/bin/../lib/gcc/arm-eabi/4.7.0/thumb\libgcc.a(_udivdi3.o)
                0x0200e9fc                __udivdi3
 .text          0x0200ed9c      0xab4 c:/devkitpro/devkitarm/bin/../lib/gcc/arm-eabi/4.7.0/thumb\libgcc.a(unwind-arm.o)
                0x0200f098                _Unwind_GetCFA
                0x0200f09c                __gnu_Unwind_RaiseException
                0x0200f0fc                __gnu_Unwind_ForcedUnwind
                0x0200f114                __gnu_Unwind_Resume
                0x0200f15c                __gnu_Unwind_Resume_or_Rethrow
                0x0200f17c                _Unwind_Complete
                0x0200f180                _Unwind_DeleteException
                0x0200f198                _Unwind_VRS_Get
                0x0200f1e4                _Unwind_VRS_Set
                0x0200f540                __aeabi_unwind_cpp_pr2
                0x0200f550                __aeabi_unwind_cpp_pr1
                0x0200f560                __aeabi_unwind_cpp_pr0
                0x0200f570                __gnu_Unwind_Backtrace
                0x0200f5e4                _Unwind_VRS_Pop
 .text          0x0200f850      0x1d8 c:/devkitpro/devkitarm/bin/../lib/gcc/arm-eabi/4.7.0/thumb\libgcc.a(libunwind.o)
                0x0200f850                __restore_core_regs
                0x0200f850                restore_core_regs
                0x0200f86c                __gnu_Unwind_Restore_VFP
                0x0200f874                __gnu_Unwind_Save_VFP
                0x0200f87c                __gnu_Unwind_Restore_VFP_D
                0x0200f884                __gnu_Unwind_Save_VFP_D
                0x0200f88c                __gnu_Unwind_Restore_VFP_D_16_to_31
                0x0200f894                __gnu_Unwind_Save_VFP_D_16_to_31
                0x0200f89c                __gnu_Unwind_Restore_WMMXD
                0x0200f8e0                __gnu_Unwind_Save_WMMXD
                0x0200f924                __gnu_Unwind_Restore_WMMXC
                0x0200f938                __gnu_Unwind_Save_WMMXC
                0x0200f94c                ___Unwind_RaiseException
                0x0200f94c                _Unwind_RaiseException
                0x0200f978                _Unwind_Resume
                0x0200f978                ___Unwind_Resume
                0x0200f9a4                _Unwind_Resume_or_Rethrow
                0x0200f9a4                ___Unwind_Resume_or_Rethrow
                0x0200f9d0                _Unwind_ForcedUnwind
                0x0200f9d0                ___Unwind_ForcedUnwind
                0x0200f9fc                ___Unwind_Backtrace
                0x0200f9fc                _Unwind_Backtrace
 .text          0x0200fa28      0x3e0 c:/devkitpro/devkitarm/bin/../lib/gcc/arm-eabi/4.7.0/thumb\libgcc.a(pr-support.o)
                0x0200fa84                __gnu_unwind_execute
                0x0200fda4                __gnu_unwind_frame
                0x0200fdd0                _Unwind_GetRegionStart
                0x0200fde0                _Unwind_GetLanguageSpecificData
                0x0200fdf8                _Unwind_GetDataRelBase
                0x0200fe00                _Unwind_GetTextRelBase
 .text          0x0200fe08       0x48 c:/devkitpro/devkitarm/bin/../lib/gcc/arm-eabi/4.7.0/thumb\libgcc.a(_clzsi2.o)
                0x0200fe08                __clzsi2
 .text          0x0200fe50       0x10 c:/devkitpro/devkitarm/bin/../lib/gcc/arm-eabi/4.7.0/../../../../arm-eabi/lib/thumb\libg.a(lib_a-abort.o)
                0x0200fe50                abort
 .text          0x0200fe60        0xc c:/devkitpro/devkitarm/bin/../lib/gcc/arm-eabi/4.7.0/../../../../arm-eabi/lib/thumb\libg.a(lib_a-errno.o)
                0x0200fe60                __errno
 .text          0x0200fe6c      0x198 c:/devkitpro/devkitarm/bin/../lib/gcc/arm-eabi/4.7.0/../../../../arm-eabi/lib/thumb\libg.a(lib_a-signal.o)
                0x0200fe6c                _init_signal_r
                0x0200feac                _signal_r
                0x0200feec                _raise_r
                0x0200ff4c                __sigtramp_r
                0x0200ffa0                raise
                0x0200ffb8                signal
                0x0200ffd4                _init_signal
                0x0200ffe8                __sigtramp
 .text          0x02010004        0xc c:/devkitpro/devkitarm/bin/../lib/gcc/arm-eabi/4.7.0/../../../../arm-eabi/lib/thumb\libsysbase.a(getpid.o)
                0x02010004                _getpid_r
 .text          0x02010010        0xc c:/devkitpro/devkitarm/bin/../lib/gcc/arm-eabi/4.7.0/../../../../arm-eabi/lib/thumb\libsysbase.a(kill.o)
                0x02010010                _kill_r
 .text          0x0201001c       0x18 c:/devkitpro/devkitarm/bin/../lib/gcc/arm-eabi/4.7.0/../../../../arm-eabi/lib/thumb\libsysbase.a(_exit.o)
                0x0201001c                _exit
 .text          0x02010034        0x0 c:/devkitpro/devkitarm/bin/../lib/gcc/arm-eabi/4.7.0/thumb/crtend.o
 .text          0x02010034        0x0 c:/devkitpro/devkitarm/bin/../lib/gcc/arm-eabi/4.7.0/thumb/crtn.o
 *(.text.*)
 .text.startup  0x02010034      0x7f0 main.o
                0x02010034                main
 *fill*         0x02010824        0x4 ff
 .text.startup.stub
                0x02010828      0x128 linker stubs
 *(.stub)
 *(.gnu.warning)
 *(.gnu.linkonce.t*)
 *(.glue_7)
 .glue_7        0x00000000        0x0 linker stubs
 *(.glue_7t)
 .glue_7t       0x00000000        0x0 linker stubs
                0x02010950                . = ALIGN (0x4)

.vfp11_veneer   0x02010960        0x0
 .vfp11_veneer  0x00000000        0x0 linker stubs

.v4_bx          0x02010960        0x0
 .v4_bx         0x00000000        0x0 linker stubs

.iplt           0x02010960        0x0
 .iplt          0x00000000        0x0 c:/devkitpro/devkitarm/bin/../lib/gcc/arm-eabi/4.7.0/../../../../arm-eabi/lib/thumb/ds_arm9_crt0.o

.fini           0x02010960        0xc
 *(.fini)
 .fini          0x02010960        0x4 c:/devkitpro/devkitarm/bin/../lib/gcc/arm-eabi/4.7.0/thumb/crti.o
                0x02010960                _fini
 .fini          0x02010964        0x8 c:/devkitpro/devkitarm/bin/../lib/gcc/arm-eabi/4.7.0/thumb/crtn.o
                0x0201096c                __text_end = .

.rodata         0x02010970    0x1aba0
 *(.rodata)
 .rodata        0x02010970     0x2d60 MainBg.o
                0x02010970                MainBgBitmap
 .rodata        0x020136d0     0x2f94 MainBg2.o
                0x020136d0                MainBg2Bitmap
 .rodata        0x02016664     0x2fc8 MainBg2_automatic.o
                0x02016664                MainBg2_automaticBitmap
 .rodata        0x0201962c     0x2fa4 MainBg2_manual.o
                0x0201962c                MainBg2_manualBitmap
 .rodata        0x0201c5d0      0x820 automaticOff1.o
                0x0201c5d0                automaticOff1Tiles
                0x0201cdd0                automaticOff1Pal
 .rodata        0x0201cdf0      0x820 automaticOff2.o
                0x0201cdf0                automaticOff2Tiles
                0x0201d5f0                automaticOff2Pal
 .rodata        0x0201d610      0x820 automaticOff3.o
                0x0201d610                automaticOff3Tiles
                0x0201de10                automaticOff3Pal
 .rodata        0x0201de30      0x820 automaticOn1.o
                0x0201de30                automaticOn1Tiles
                0x0201e630                automaticOn1Pal
 .rodata        0x0201e650      0x820 automaticOn2.o
                0x0201e650                automaticOn2Tiles
                0x0201ee50                automaticOn2Pal
 .rodata        0x0201ee70      0x820 automaticOn3.o
                0x0201ee70                automaticOn3Tiles
                0x0201f670                automaticOn3Pal
 .rodata        0x0201f690      0x820 manualOff1.o
                0x0201f690                manualOff1Tiles
                0x0201fe90                manualOff1Pal
 .rodata        0x0201feb0      0x820 manualOff2.o
                0x0201feb0                manualOff2Tiles
                0x020206b0                manualOff2Pal
 .rodata        0x020206d0      0x820 manualOff3.o
                0x020206d0                manualOff3Tiles
                0x02020ed0                manualOff3Pal
 .rodata        0x02020ef0      0xa00 manualOn1.o
                0x02020ef0                manualOn1Tiles
                0x020216f0                manualOn1Pal
 .rodata        0x020218f0      0x820 manualOn2.o
                0x020218f0                manualOn2Tiles
                0x020220f0                manualOn2Pal
 .rodata        0x02022110      0xa00 manualOn3.o
                0x02022110                manualOn3Tiles
                0x02022910                manualOn3Pal
 .rodata        0x02022b10      0x804 yang1.o
                0x02022b10                yang1Tiles
                0x02023310                yang1Pal
 .rodata        0x02023314      0x804 yang2.o
                0x02023314                yang2Tiles
                0x02023b14                yang2Pal
 .rodata        0x02023b18      0x804 yin1.o
                0x02023b18                yin1Tiles
                0x02024318                yin1Pal
 .rodata        0x0202431c      0x804 yin2.o
                0x0202431c                yin2Tiles
                0x02024b1c                yin2Pal
 .rodata        0x02024b20      0x1a4 main.o
 .rodata        0x02024cc4      0x200 c:/devkitPro/libnds/lib\libnds9.a(console.o)
 .rodata        0x02024ec4       0x14 c:/devkitPro/libnds/lib\libnds9.a(decompress.o)
 .rodata        0x02024ed8      0x308 c:/devkitPro/libnds/lib\libnds9.a(trig.o)
                0x02024ed8                SIN_LUT
                0x02024fdc                TAN_LUT
 .rodata        0x020251e0     0x2004 c:/devkitPro/libnds/lib\libnds9.a(default_font.bin.o)
                0x020251e0                default_font_bin
                0x020271e0                default_font_bin_size
                0x020271e0                default_font_bin_end
 .rodata        0x020271e4        0x4 c:/devkitpro/devkitarm/bin/../lib/gcc/arm-eabi/4.7.0/../../../../arm-eabi/lib/thumb\libg.a(lib_a-impure.o)
                0x020271e4                _global_impure_ptr
 .rodata        0x020271e8      0x340 c:/devkitpro/devkitarm/bin/../lib/gcc/arm-eabi/4.7.0/../../../../arm-eabi/lib/thumb\libg.a(lib_a-svfiscanf.o)
 .rodata        0x02027528      0x184 c:/devkitpro/devkitarm/bin/../lib/gcc/arm-eabi/4.7.0/../../../../arm-eabi/lib/thumb\libg.a(lib_a-vfiprintf.o)
 .rodata        0x020276ac      0x184 c:/devkitpro/devkitarm/bin/../lib/gcc/arm-eabi/4.7.0/../../../../arm-eabi/lib/thumb\libg.a(lib_a-vfprintf.o)
 .rodata        0x02027830      0x104 c:/devkitpro/devkitarm/bin/../lib/gcc/arm-eabi/4.7.0/../../../../arm-eabi/lib/thumb\libg.a(lib_a-ctype_.o)
                0x02027830                _ctype_
 .rodata        0x02027934     0x34f0 c:/devkitpro/devkitarm/bin/../lib/gcc/arm-eabi/4.7.0/../../../../arm-eabi/lib/thumb\libg.a(lib_a-jp2uc.o)
 .rodata        0x0202ae24       0xf0 c:/devkitpro/devkitarm/bin/../lib/gcc/arm-eabi/4.7.0/../../../../arm-eabi/lib/thumb\libg.a(lib_a-locale.o)
 .rodata        0x0202af14       0xa8 c:/devkitpro/devkitarm/bin/../lib/gcc/arm-eabi/4.7.0/../../../../arm-eabi/lib/thumb\libg.a(lib_a-mbtowc_r.o)
 *fill*         0x0202afbc        0x4 ff
 .rodata        0x0202afc0      0x128 c:/devkitpro/devkitarm/bin/../lib/gcc/arm-eabi/4.7.0/../../../../arm-eabi/lib/thumb\libg.a(lib_a-mprec.o)
                0x0202afd0                __mprec_tens
                0x0202b098                __mprec_tinytens
                0x0202b0c0                __mprec_bigtens
 .rodata        0x0202b0e8       0x64 c:/devkitpro/devkitarm/bin/../lib/gcc/arm-eabi/4.7.0/../../../../arm-eabi/lib/thumb\libsysbase.a(iosupport.o)
                0x0202b0e8                dotab_stdnull
 .rodata        0x0202b14c       0x14 c:/devkitpro/devkitarm/bin/../lib/gcc/arm-eabi/4.7.0/thumb\libgcc.a(unwind-arm.o)
 *all.rodata*(*)
 *(.roda)
 *(.rodata.*)
 .rodata.str1.4
                0x0202b160      0x198 main.o
 .rodata.str1.4
                0x0202b2f8       0x49 c:/devkitPro/libnds/lib\libnds9.a(console.o)
                                 0x4c (size before relaxing)
 *fill*         0x0202b341        0x3 ff
 .rodata.str1.4
                0x0202b344       0x44 c:/devkitPro/libnds/lib\libnds9.a(sassert.o)
 .rodata.str1.4
                0x0202b388        0x2 c:/devkitpro/devkitarm/bin/../lib/gcc/arm-eabi/4.7.0/../../../../arm-eabi/lib/thumb\libg.a(lib_a-impure.o)
                                  0x4 (size before relaxing)
 *fill*         0x0202b38a        0x2 ff
 .rodata.str1.4
                0x0202b38c        0x2 c:/devkitpro/devkitarm/bin/../lib/gcc/arm-eabi/4.7.0/../../../../arm-eabi/lib/thumb\libg.a(lib_a-puts.o)
                                  0x4 (size before relaxing)
 *fill*         0x0202b38e        0x2 ff
 .rodata.str1.4
                0x0202b390       0x2f c:/devkitpro/devkitarm/bin/../lib/gcc/arm-eabi/4.7.0/../../../../arm-eabi/lib/thumb\libg.a(lib_a-vfiprintf.o)
                                 0x30 (size before relaxing)
 *fill*         0x0202b3bf        0x1 ff
 .rodata.str1.4
                0x0202b3c0       0x12 c:/devkitpro/devkitarm/bin/../lib/gcc/arm-eabi/4.7.0/../../../../arm-eabi/lib/thumb\libg.a(lib_a-vfprintf.o)
                                 0x44 (size before relaxing)
 *fill*         0x0202b3d2        0x2 ff
 .rodata.str1.4
                0x0202b3d4       0x10 c:/devkitpro/devkitarm/bin/../lib/gcc/arm-eabi/4.7.0/../../../../arm-eabi/lib/thumb\libg.a(lib_a-dtoa.o)
                                 0x14 (size before relaxing)
 .rodata.str1.4
                0x0202b3e4       0x12 c:/devkitpro/devkitarm/bin/../lib/gcc/arm-eabi/4.7.0/../../../../arm-eabi/lib/thumb\libg.a(lib_a-jp2uc.o)
                                 0x14 (size before relaxing)
 *fill*         0x0202b3f6        0x2 ff
 .rodata.str1.4
                0x0202b3f8      0x110 c:/devkitpro/devkitarm/bin/../lib/gcc/arm-eabi/4.7.0/../../../../arm-eabi/lib/thumb\libg.a(lib_a-locale.o)
                                0x130 (size before relaxing)
 .rodata.str1.4
                0x00000000        0x4 c:/devkitpro/devkitarm/bin/../lib/gcc/arm-eabi/4.7.0/../../../../arm-eabi/lib/thumb\libg.a(lib_a-mbrtowc.o)
 .rodata.str1.4
                0x0202b508        0x8 c:/devkitpro/devkitarm/bin/../lib/gcc/arm-eabi/4.7.0/../../../../arm-eabi/lib/thumb\libsysbase.a(iosupport.o)
 *(.gnu.linkonce.r*)
                0x0202b510                . = ALIGN (0x4)

.ARM.extab      0x0202b510       0x18
 *(.ARM.extab* .gnu.linkonce.armextab.*)
 .ARM.extab     0x0202b510        0xc c:/devkitpro/devkitarm/bin/../lib/gcc/arm-eabi/4.7.0/thumb\libgcc.a(_divdi3.o)
 .ARM.extab     0x0202b51c        0xc c:/devkitpro/devkitarm/bin/../lib/gcc/arm-eabi/4.7.0/thumb\libgcc.a(_udivdi3.o)
                0x0202b528                __exidx_start = .

ARM.exidx       0x0202b528       0x18
 *(.ARM.exidx* .gnu.linkonce.armexidx.*)
 .ARM.exidx     0x0202b528        0x8 c:/devkitpro/devkitarm/bin/../lib/gcc/arm-eabi/4.7.0/thumb\libgcc.a(_divdi3.o)
 .ARM.exidx     0x0202b530       0x10 c:/devkitpro/devkitarm/bin/../lib/gcc/arm-eabi/4.7.0/thumb\libgcc.a(_udivdi3.o)
                                  0x8 (size before relaxing)
                0x0202b540                __exidx_end = .

.rel.dyn        0x0202b540        0x0
 .rel.iplt      0x00000000        0x0 c:/devkitpro/devkitarm/bin/../lib/gcc/arm-eabi/4.7.0/../../../../arm-eabi/lib/thumb/ds_arm9_crt0.o
                0x0202b540                . = ALIGN (0x4)
                0x0202b540                PROVIDE (__preinit_array_start, .)

.preinit_array
 *(.preinit_array)
                0x0202b540                PROVIDE (__preinit_array_end, .)
                0x0202b540                PROVIDE (__init_array_start, .)

.init_array     0x0202b540        0x4
 *(SORT(.init_array.*))
 *(.init_array)
 .init_array    0x0202b540        0x4 c:/devkitpro/devkitarm/bin/../lib/gcc/arm-eabi/4.7.0/thumb/crtbegin.o
                0x0202b544                PROVIDE (__init_array_end, .)
                0x0202b544                PROVIDE (__fini_array_start, .)

.fini_array     0x0202b544        0x4
 *(.fini_array)
 .fini_array    0x0202b544        0x4 c:/devkitpro/devkitarm/bin/../lib/gcc/arm-eabi/4.7.0/thumb/crtbegin.o
 *(SORT(.fini_array.*))
                0x0202b548                PROVIDE (__fini_array_end, .)

.ctors          0x0202b548        0x0
 *crtbegin.o(.ctors)
 *(EXCLUDE_FILE(*crtend.o) .ctors)
 *(SORT(.ctors.*))
 *(.ctors)
                0x0202b548                . = ALIGN (0x4)

.dtors          0x0202b548        0x0
 *crtbegin.o(.dtors)
 *(EXCLUDE_FILE(*crtend.o) .dtors)
 *(SORT(.dtors.*))
 *(.dtors)
                0x0202b548                . = ALIGN (0x4)

.eh_frame       0x0202b548        0x4
 *(.eh_frame)
 .eh_frame      0x0202b548        0x0 c:/devkitpro/devkitarm/bin/../lib/gcc/arm-eabi/4.7.0/thumb/crtbegin.o
 .eh_frame      0x0202b548        0x4 c:/devkitpro/devkitarm/bin/../lib/gcc/arm-eabi/4.7.0/thumb/crtend.o
                0x0202b54c                . = ALIGN (0x4)

.gcc_except_table
                0x0202b54c        0x0
 *(.gcc_except_table)
                0x0202b54c                . = ALIGN (0x4)

.jcr            0x0202b54c        0x4
 *(.jcr)
 .jcr           0x0202b54c        0x0 c:/devkitpro/devkitarm/bin/../lib/gcc/arm-eabi/4.7.0/thumb/crtbegin.o
 .jcr           0x0202b54c        0x4 c:/devkitpro/devkitarm/bin/../lib/gcc/arm-eabi/4.7.0/thumb/crtend.o

.got
 *(.got.plt)
 *(.got)
 *(.rel.got)

.ewram          0x0202b550        0x0
                0x0202b550                __ewram_start = ABSOLUTE (.)
 *(.ewram)
 *ewram.*(.text)
                0x0202b550                . = ALIGN (0x4)

.data           0x0202b550      0xd28
                0x0202b550                __data_start = ABSOLUTE (.)
 *(.data)
 .data          0x0202b550        0x0 c:/devkitpro/devkitarm/bin/../lib/gcc/arm-eabi/4.7.0/../../../../arm-eabi/lib/thumb/ds_arm9_crt0.o
 .data          0x0202b550        0x0 c:/devkitpro/devkitarm/bin/../lib/gcc/arm-eabi/4.7.0/thumb/crti.o
 .data          0x0202b550        0x4 c:/devkitpro/devkitarm/bin/../lib/gcc/arm-eabi/4.7.0/thumb/crtbegin.o
                0x0202b550                __dso_handle
 .data          0x0202b554        0x0 soundbank.bin.o
 .data          0x0202b554        0x0 MainBg.o
 .data          0x0202b554        0x0 MainBg2.o
 .data          0x0202b554        0x0 MainBg2_automatic.o
 .data          0x0202b554        0x0 MainBg2_manual.o
 .data          0x0202b554        0x0 automaticOff1.o
 .data          0x0202b554        0x0 automaticOff2.o
 .data          0x0202b554        0x0 automaticOff3.o
 .data          0x0202b554        0x0 automaticOn1.o
 .data          0x0202b554        0x0 automaticOn2.o
 .data          0x0202b554        0x0 automaticOn3.o
 .data          0x0202b554        0x0 manualOff1.o
 .data          0x0202b554        0x0 manualOff2.o
 .data          0x0202b554        0x0 manualOff3.o
 .data          0x0202b554        0x0 manualOn1.o
 .data          0x0202b554        0x0 manualOn2.o
 .data          0x0202b554        0x0 manualOn3.o
 .data          0x0202b554        0x0 yang1.o
 .data          0x0202b554        0x0 yang2.o
 .data          0x0202b554        0x0 yin1.o
 .data          0x0202b554        0x0 yin2.o
 .data          0x0202b554      0x200 main.o
 .data          0x0202b754       0x60 c:/devkitPro/libnds/lib\libnds9.a(background.o)
                0x0202b754                bgScrollTable
                0x0202b774                bgTransform
                0x0202b794                bgControl
 .data          0x0202b7b4       0x64 c:/devkitPro/libnds/lib\libnds9.a(console.o)
                0x0202b7b4                currentConsole
                0x0202b7b8                defaultConsole
 .data          0x0202b818        0xc c:/devkitPro/libnds/lib\libnds9.a(decompress.o)
                0x0202b818                decomStream
 .data          0x0202b824        0x3 c:/devkitPro/libnds/lib\libnds9.a(keys.o)
 .data          0x0202b827        0x0 c:/devkitPro/libnds/lib\libnds9.a(sassert.o)
 *fill*         0x0202b827        0x1 ff
 .data          0x0202b828       0x30 c:/devkitPro/libnds/lib\libnds9.a(sprite.o)
                0x0202b828                oamMain
                0x0202b840                oamSub
 .data          0x0202b858        0x0 c:/devkitPro/libnds/lib\libnds9.a(sprite_alloc.o)
 .data          0x0202b858        0x0 c:/devkitPro/libnds/lib\libnds9.a(touch.o)
 .data          0x0202b858        0x0 c:/devkitPro/libnds/lib\libnds9.a(trig.o)
 .data          0x0202b858        0x0 c:/devkitPro/libnds/lib\libnds9.a(initSystem.o)
 .data          0x0202b858       0x10 c:/devkitPro/libnds/lib\libnds9.a(fifosystem.o)
                0x0202b858                fifo_buffer_free
                0x0202b85c                fifo_freewords
                0x0202b860                fifo_send_queue
                0x0202b864                fifo_receive_queue
 .data          0x0202b868        0x0 c:/devkitPro/libnds/lib\libnds9.a(interrupts.o)
 .data          0x0202b868        0x0 c:/devkitPro/libnds/lib\libnds9.a(libnds_exit.arm.o)
 .data          0x0202b868        0x0 c:/devkitPro/libnds/lib\libnds9.a(syscalls.o)
 .data          0x0202b868        0x0 c:/devkitPro/libnds/lib\libnds9.a(dcache.o)
 .data          0x0202b868        0x0 c:/devkitPro/libnds/lib\libnds9.a(mpu_setup.o)
 .data          0x0202b868        0x0 c:/devkitPro/libnds/lib\libnds9.a(biosCalls.o)
 .data          0x0202b868        0x0 c:/devkitPro/libnds/lib\libnds9.a(debugprint.o)
 .data          0x0202b868        0x0 c:/devkitPro/libnds/lib\libnds9.a(interruptDispatcher.o)
 .data          0x0202b868        0x0 c:/devkitPro/libnds/lib\libnds9.a(swiSoftReset.o)
 .data          0x0202b868        0x0 c:/devkitPro/libnds/lib\libnds9.a(default_font.bin.o)
 .data          0x0202b868        0x0 c:/devkitPro/libnds/lib\libnds9.a(system.o)
 .data          0x0202b868        0x0 c:/devkitPro/libnds/lib\libnds9.a(video.o)
 .data          0x0202b868        0x0 c:/devkitpro/devkitarm/bin/../lib/gcc/arm-eabi/4.7.0/thumb\libgcc.a(_divsi3.o)
 .data          0x0202b868        0x0 c:/devkitpro/devkitarm/bin/../lib/gcc/arm-eabi/4.7.0/thumb\libgcc.a(_dvmd_tls.o)
 .data          0x0202b868        0x0 c:/devkitpro/devkitarm/bin/../lib/gcc/arm-eabi/4.7.0/thumb\libgcc.a(_arm_addsubdf3.o)
 .data          0x0202b868        0x0 c:/devkitpro/devkitarm/bin/../lib/gcc/arm-eabi/4.7.0/thumb\libgcc.a(_arm_muldivdf3.o)
 .data          0x0202b868        0x0 c:/devkitpro/devkitarm/bin/../lib/gcc/arm-eabi/4.7.0/thumb\libgcc.a(_arm_fixdfsi.o)
 .data          0x0202b868        0x0 c:/devkitpro/devkitarm/bin/../lib/gcc/arm-eabi/4.7.0/../../../../arm-eabi/lib/thumb\libg.a(lib_a-bsearch.o)
 .data          0x0202b868      0x430 c:/devkitpro/devkitarm/bin/../lib/gcc/arm-eabi/4.7.0/../../../../arm-eabi/lib/thumb\libg.a(lib_a-impure.o)
                0x0202b868                _impure_ptr
 .data          0x0202bc98        0x0 c:/devkitpro/devkitarm/bin/../lib/gcc/arm-eabi/4.7.0/../../../../arm-eabi/lib/thumb\libg.a(lib_a-init.o)
 .data          0x0202bc98        0x0 c:/devkitpro/devkitarm/bin/../lib/gcc/arm-eabi/4.7.0/../../../../arm-eabi/lib/thumb\libg.a(lib_a-iprintf.o)
 .data          0x0202bc98        0x0 c:/devkitpro/devkitarm/bin/../lib/gcc/arm-eabi/4.7.0/../../../../arm-eabi/lib/thumb\libg.a(lib_a-malloc.o)
 .data          0x0202bc98      0x410 c:/devkitpro/devkitarm/bin/../lib/gcc/arm-eabi/4.7.0/../../../../arm-eabi/lib/thumb\libg.a(lib_a-mallocr.o)
                0x0202bc98                __malloc_av_
                0x0202c0a0                __malloc_sbrk_base
                0x0202c0a4                __malloc_trim_threshold
 .data          0x0202c0a8        0x0 c:/devkitpro/devkitarm/bin/../lib/gcc/arm-eabi/4.7.0/../../../../arm-eabi/lib/thumb\libg.a(lib_a-memcpy-stub.o)
 .data          0x0202c0a8        0x0 c:/devkitpro/devkitarm/bin/../lib/gcc/arm-eabi/4.7.0/../../../../arm-eabi/lib/thumb\libg.a(lib_a-mlock.o)
 .data          0x0202c0a8        0x0 c:/devkitpro/devkitarm/bin/../lib/gcc/arm-eabi/4.7.0/../../../../arm-eabi/lib/thumb\libg.a(lib_a-printf.o)
 .data          0x0202c0a8        0x0 c:/devkitpro/devkitarm/bin/../lib/gcc/arm-eabi/4.7.0/../../../../arm-eabi/lib/thumb\libg.a(lib_a-putchar.o)
 .data          0x0202c0a8        0x0 c:/devkitpro/devkitarm/bin/../lib/gcc/arm-eabi/4.7.0/../../../../arm-eabi/lib/thumb\libg.a(lib_a-putc.o)
 .data          0x0202c0a8        0x0 c:/devkitpro/devkitarm/bin/../lib/gcc/arm-eabi/4.7.0/../../../../arm-eabi/lib/thumb\libg.a(lib_a-puts.o)
 .data          0x0202c0a8        0x0 c:/devkitpro/devkitarm/bin/../lib/gcc/arm-eabi/4.7.0/../../../../arm-eabi/lib/thumb\libg.a(lib_a-rand.o)
 .data          0x0202c0a8        0x0 c:/devkitpro/devkitarm/bin/../lib/gcc/arm-eabi/4.7.0/../../../../arm-eabi/lib/thumb\libg.a(lib_a-realloc.o)
 .data          0x0202c0a8        0x0 c:/devkitpro/devkitarm/bin/../lib/gcc/arm-eabi/4.7.0/../../../../arm-eabi/lib/thumb\libg.a(lib_a-reallocr.o)
 .data          0x0202c0a8        0x0 c:/devkitpro/devkitarm/bin/../lib/gcc/arm-eabi/4.7.0/../../../../arm-eabi/lib/thumb\libg.a(lib_a-setvbuf.o)
 .data          0x0202c0a8        0x0 c:/devkitpro/devkitarm/bin/../lib/gcc/arm-eabi/4.7.0/../../../../arm-eabi/lib/thumb\libg.a(lib_a-siscanf.o)
 .data          0x0202c0a8        0x0 c:/devkitpro/devkitarm/bin/../lib/gcc/arm-eabi/4.7.0/../../../../arm-eabi/lib/thumb\libg.a(lib_a-stdio.o)
 .data          0x0202c0a8        0x0 c:/devkitpro/devkitarm/bin/../lib/gcc/arm-eabi/4.7.0/../../../../arm-eabi/lib/thumb\libg.a(lib_a-strlen.o)
 .data          0x0202c0a8        0x0 c:/devkitpro/devkitarm/bin/../lib/gcc/arm-eabi/4.7.0/../../../../arm-eabi/lib/thumb\libg.a(lib_a-svfiscanf.o)
 .data          0x0202c0a8        0x0 c:/devkitpro/devkitarm/bin/../lib/gcc/arm-eabi/4.7.0/../../../../arm-eabi/lib/thumb\libg.a(lib_a-time.o)
 .data          0x0202c0a8        0x0 c:/devkitpro/devkitarm/bin/../lib/gcc/arm-eabi/4.7.0/../../../../arm-eabi/lib/thumb\libg.a(lib_a-ungetc.o)
 .data          0x0202c0a8        0x0 c:/devkitpro/devkitarm/bin/../lib/gcc/arm-eabi/4.7.0/../../../../arm-eabi/lib/thumb\libg.a(lib_a-vfiprintf.o)
 .data          0x0202c0a8        0x0 c:/devkitpro/devkitarm/bin/../lib/gcc/arm-eabi/4.7.0/../../../../arm-eabi/lib/thumb\libg.a(lib_a-vfprintf.o)
 .data          0x0202c0a8        0x0 c:/devkitpro/devkitarm/bin/../lib/gcc/arm-eabi/4.7.0/../../../../arm-eabi/lib/thumb\libg.a(lib_a-wbuf.o)
 .data          0x0202c0a8        0x0 c:/devkitpro/devkitarm/bin/../lib/gcc/arm-eabi/4.7.0/../../../../arm-eabi/lib/thumb\libg.a(lib_a-wcrtomb.o)
 .data          0x0202c0a8        0x0 c:/devkitpro/devkitarm/bin/../lib/gcc/arm-eabi/4.7.0/../../../../arm-eabi/lib/thumb\libg.a(lib_a-wcsrtombs.o)
 .data          0x0202c0a8        0x4 c:/devkitpro/devkitarm/bin/../lib/gcc/arm-eabi/4.7.0/../../../../arm-eabi/lib/thumb\libg.a(lib_a-wctomb_r.o)
                0x0202c0a8                __wctomb
 .data          0x0202c0ac        0x0 c:/devkitpro/devkitarm/bin/../lib/gcc/arm-eabi/4.7.0/../../../../arm-eabi/lib/thumb\libg.a(lib_a-wsetup.o)
 .data          0x0202c0ac        0x4 c:/devkitpro/devkitarm/bin/../lib/gcc/arm-eabi/4.7.0/../../../../arm-eabi/lib/thumb\libg.a(lib_a-ctype_.o)
                0x0202c0ac                __ctype_ptr__
 .data          0x0202c0b0        0x0 c:/devkitpro/devkitarm/bin/../lib/gcc/arm-eabi/4.7.0/../../../../arm-eabi/lib/thumb\libg.a(lib_a-dtoa.o)
 .data          0x0202c0b0        0x0 c:/devkitpro/devkitarm/bin/../lib/gcc/arm-eabi/4.7.0/../../../../arm-eabi/lib/thumb\libg.a(lib_a-fflush.o)
 .data          0x0202c0b0        0x0 c:/devkitpro/devkitarm/bin/../lib/gcc/arm-eabi/4.7.0/../../../../arm-eabi/lib/thumb\libg.a(lib_a-findfp.o)
 .data          0x0202c0b0        0x0 c:/devkitpro/devkitarm/bin/../lib/gcc/arm-eabi/4.7.0/../../../../arm-eabi/lib/thumb\libg.a(lib_a-fputwc.o)
 .data          0x0202c0b0        0x0 c:/devkitpro/devkitarm/bin/../lib/gcc/arm-eabi/4.7.0/../../../../arm-eabi/lib/thumb\libg.a(lib_a-freer.o)
 .data          0x0202c0b0        0x0 c:/devkitpro/devkitarm/bin/../lib/gcc/arm-eabi/4.7.0/../../../../arm-eabi/lib/thumb\libg.a(lib_a-fvwrite.o)
 .data          0x0202c0b0        0x0 c:/devkitpro/devkitarm/bin/../lib/gcc/arm-eabi/4.7.0/../../../../arm-eabi/lib/thumb\libg.a(lib_a-fwalk.o)
 .data          0x0202c0b0        0x0 c:/devkitpro/devkitarm/bin/../lib/gcc/arm-eabi/4.7.0/../../../../arm-eabi/lib/thumb\libg.a(lib_a-iswspace.o)
 .data          0x0202c0b0        0x0 c:/devkitpro/devkitarm/bin/../lib/gcc/arm-eabi/4.7.0/../../../../arm-eabi/lib/thumb\libg.a(lib_a-jp2uc.o)
 .data          0x0202c0b0      0x17c c:/devkitpro/devkitarm/bin/../lib/gcc/arm-eabi/4.7.0/../../../../arm-eabi/lib/thumb\libg.a(lib_a-locale.o)
                0x0202c0b0                __default_locale
                0x0202c1d0                __mb_cur_max
 .data          0x0202c22c        0x0 c:/devkitpro/devkitarm/bin/../lib/gcc/arm-eabi/4.7.0/../../../../arm-eabi/lib/thumb\libg.a(lib_a-makebuf.o)
 .data          0x0202c22c        0x0 c:/devkitpro/devkitarm/bin/../lib/gcc/arm-eabi/4.7.0/../../../../arm-eabi/lib/thumb\libg.a(lib_a-mbrtowc.o)
 .data          0x0202c22c        0x4 c:/devkitpro/devkitarm/bin/../lib/gcc/arm-eabi/4.7.0/../../../../arm-eabi/lib/thumb\libg.a(lib_a-mbtowc_r.o)
                0x0202c22c                __mbtowc
 .data          0x0202c230        0x0 c:/devkitpro/devkitarm/bin/../lib/gcc/arm-eabi/4.7.0/../../../../arm-eabi/lib/thumb\libg.a(lib_a-memchr-stub.o)
 .data          0x0202c230        0x0 c:/devkitpro/devkitarm/bin/../lib/gcc/arm-eabi/4.7.0/../../../../arm-eabi/lib/thumb\libg.a(lib_a-memmove.o)
 .data          0x0202c230        0x0 c:/devkitpro/devkitarm/bin/../lib/gcc/arm-eabi/4.7.0/../../../../arm-eabi/lib/thumb\libg.a(lib_a-memset.o)
 .data          0x0202c230        0x0 c:/devkitpro/devkitarm/bin/../lib/gcc/arm-eabi/4.7.0/../../../../arm-eabi/lib/thumb\libg.a(lib_a-mprec.o)
 .data          0x0202c230        0x0 c:/devkitpro/devkitarm/bin/../lib/gcc/arm-eabi/4.7.0/../../../../arm-eabi/lib/thumb\libg.a(lib_a-sccl.o)
 .data          0x0202c230        0x0 c:/devkitpro/devkitarm/bin/../lib/gcc/arm-eabi/4.7.0/../../../../arm-eabi/lib/thumb\libg.a(lib_a-s_fpclassify.o)
 .data          0x0202c230        0x0 c:/devkitpro/devkitarm/bin/../lib/gcc/arm-eabi/4.7.0/../../../../arm-eabi/lib/thumb\libg.a(lib_a-strcasecmp.o)
 .data          0x0202c230        0x0 c:/devkitpro/devkitarm/bin/../lib/gcc/arm-eabi/4.7.0/../../../../arm-eabi/lib/thumb\libg.a(lib_a-strcat.o)
 .data          0x0202c230        0x0 c:/devkitpro/devkitarm/bin/../lib/gcc/arm-eabi/4.7.0/../../../../arm-eabi/lib/thumb\libg.a(lib_a-strchr.o)
 .data          0x0202c230        0x0 c:/devkitpro/devkitarm/bin/../lib/gcc/arm-eabi/4.7.0/../../../../arm-eabi/lib/thumb\libg.a(lib_a-strcmp.o)
 .data          0x0202c230        0x0 c:/devkitpro/devkitarm/bin/../lib/gcc/arm-eabi/4.7.0/../../../../arm-eabi/lib/thumb\libg.a(lib_a-strcpy.o)
 .data          0x0202c230        0x0 c:/devkitpro/devkitarm/bin/../lib/gcc/arm-eabi/4.7.0/../../../../arm-eabi/lib/thumb\libg.a(lib_a-strlcpy.o)
 .data          0x0202c230        0x0 c:/devkitpro/devkitarm/bin/../lib/gcc/arm-eabi/4.7.0/../../../../arm-eabi/lib/thumb\libg.a(lib_a-strncasecmp.o)
 .data          0x0202c230        0x0 c:/devkitpro/devkitarm/bin/../lib/gcc/arm-eabi/4.7.0/../../../../arm-eabi/lib/thumb\libg.a(lib_a-strncmp.o)
 .data          0x0202c230        0x0 c:/devkitpro/devkitarm/bin/../lib/gcc/arm-eabi/4.7.0/../../../../arm-eabi/lib/thumb\libg.a(lib_a-strncpy.o)
 .data          0x0202c230        0x0 c:/devkitpro/devkitarm/bin/../lib/gcc/arm-eabi/4.7.0/../../../../arm-eabi/lib/thumb\libg.a(lib_a-strtoll_r.o)
 .data          0x0202c230        0x0 c:/devkitpro/devkitarm/bin/../lib/gcc/arm-eabi/4.7.0/../../../../arm-eabi/lib/thumb\libg.a(lib_a-strtol.o)
 .data          0x0202c230        0x0 c:/devkitpro/devkitarm/bin/../lib/gcc/arm-eabi/4.7.0/../../../../arm-eabi/lib/thumb\libg.a(lib_a-strtoull_r.o)
 .data          0x0202c230        0x0 c:/devkitpro/devkitarm/bin/../lib/gcc/arm-eabi/4.7.0/../../../../arm-eabi/lib/thumb\libg.a(lib_a-strtoul.o)
 .data          0x0202c230        0x0 c:/devkitpro/devkitarm/bin/../lib/gcc/arm-eabi/4.7.0/../../../../arm-eabi/lib/thumb\libg.a(lib_a-wcsnrtombs.o)
 .data          0x0202c230        0x0 c:/devkitpro/devkitarm/bin/../lib/gcc/arm-eabi/4.7.0/../../../../arm-eabi/lib/thumb\libg.a(lib_a-callocr.o)
 .data          0x0202c230        0x0 c:/devkitpro/devkitarm/bin/../lib/gcc/arm-eabi/4.7.0/../../../../arm-eabi/lib/thumb\libg.a(lib_a-fclose.o)
 .data          0x0202c230        0x0 c:/devkitpro/devkitarm/bin/../lib/gcc/arm-eabi/4.7.0/../../../../arm-eabi/lib/thumb\libg.a(lib_a-getenv_r.o)
 .data          0x0202c230        0x4 c:/devkitpro/devkitarm/bin/../lib/gcc/arm-eabi/4.7.0/../../../../arm-eabi/lib/thumb\libg.a(lib_a-environ.o)
                0x0202c230                environ
 .data          0x0202c234        0x0 c:/devkitpro/devkitarm/bin/../lib/gcc/arm-eabi/4.7.0/../../../../arm-eabi/lib/thumb\libg.a(lib_a-envlock.o)
 .data          0x0202c234       0x44 c:/devkitpro/devkitarm/bin/../lib/gcc/arm-eabi/4.7.0/../../../../arm-eabi/lib/thumb\libsysbase.a(iosupport.o)
                0x0202c238                devoptab_list
 .data          0x0202c278        0x0 c:/devkitpro/devkitarm/bin/../lib/gcc/arm-eabi/4.7.0/../../../../arm-eabi/lib/thumb\libsysbase.a(close.o)
 .data          0x0202c278        0x0 c:/devkitpro/devkitarm/bin/../lib/gcc/arm-eabi/4.7.0/../../../../arm-eabi/lib/thumb\libsysbase.a(fstat.o)
 .data          0x0202c278        0x0 c:/devkitpro/devkitarm/bin/../lib/gcc/arm-eabi/4.7.0/../../../../arm-eabi/lib/thumb\libsysbase.a(isatty.o)
 .data          0x0202c278        0x0 c:/devkitpro/devkitarm/bin/../lib/gcc/arm-eabi/4.7.0/../../../../arm-eabi/lib/thumb\libsysbase.a(lseek.o)
 .data          0x0202c278        0x0 c:/devkitpro/devkitarm/bin/../lib/gcc/arm-eabi/4.7.0/../../../../arm-eabi/lib/thumb\libsysbase.a(read.o)
 .data          0x0202c278        0x0 c:/devkitpro/devkitarm/bin/../lib/gcc/arm-eabi/4.7.0/../../../../arm-eabi/lib/thumb\libsysbase.a(sbrk.o)
 .data          0x0202c278        0x0 c:/devkitpro/devkitarm/bin/../lib/gcc/arm-eabi/4.7.0/../../../../arm-eabi/lib/thumb\libsysbase.a(times.o)
 .data          0x0202c278        0x0 c:/devkitpro/devkitarm/bin/../lib/gcc/arm-eabi/4.7.0/../../../../arm-eabi/lib/thumb\libsysbase.a(write.o)
 .data          0x0202c278        0x0 c:/devkitpro/devkitarm/bin/../lib/gcc/arm-eabi/4.7.0/../../../../arm-eabi/lib/thumb\libsysbase.a(malloc_vars.o)
 .data          0x0202c278        0x0 c:/devkitpro/devkitarm/bin/../lib/gcc/arm-eabi/4.7.0/../../../../arm-eabi/lib/thumb\libsysbase.a(build_argv.o)
 .data          0x0202c278        0x0 c:/devkitpro/devkitarm/bin/../lib/gcc/arm-eabi/4.7.0/../../../../arm-eabi/lib/thumb\libsysbase.a(syscall_support.o)
 .data          0x0202c278        0x0 c:/devkitpro/devkitarm/bin/../lib/gcc/arm-eabi/4.7.0/../../../../arm-eabi/lib/thumb\libsysbase.a(handle_manager.o)
 .data          0x0202c278        0x0 c:/devkitpro/devkitarm/bin/../lib/gcc/arm-eabi/4.7.0/thumb\libgcc.a(_udivsi3.o)
 .data          0x0202c278        0x0 c:/devkitpro/devkitarm/bin/../lib/gcc/arm-eabi/4.7.0/thumb\libgcc.a(_arm_cmpdf2.o)
 .data          0x0202c278        0x0 c:/devkitpro/devkitarm/bin/../lib/gcc/arm-eabi/4.7.0/thumb\libgcc.a(_aeabi_uldivmod.o)
 .data          0x0202c278        0x0 c:/devkitpro/devkitarm/bin/../lib/gcc/arm-eabi/4.7.0/thumb\libgcc.a(_muldi3.o)
 .data          0x0202c278        0x0 c:/devkitpro/devkitarm/bin/../lib/gcc/arm-eabi/4.7.0/thumb\libgcc.a(bpabi.o)
 .data          0x0202c278        0x0 c:/devkitpro/devkitarm/bin/../lib/gcc/arm-eabi/4.7.0/thumb\libgcc.a(_divdi3.o)
 .data          0x0202c278        0x0 c:/devkitpro/devkitarm/bin/../lib/gcc/arm-eabi/4.7.0/thumb\libgcc.a(_udivdi3.o)
 .data          0x0202c278        0x0 c:/devkitpro/devkitarm/bin/../lib/gcc/arm-eabi/4.7.0/thumb\libgcc.a(unwind-arm.o)
 .data          0x0202c278        0x0 c:/devkitpro/devkitarm/bin/../lib/gcc/arm-eabi/4.7.0/thumb\libgcc.a(libunwind.o)
 .data          0x0202c278        0x0 c:/devkitpro/devkitarm/bin/../lib/gcc/arm-eabi/4.7.0/thumb\libgcc.a(pr-support.o)
 .data          0x0202c278        0x0 c:/devkitpro/devkitarm/bin/../lib/gcc/arm-eabi/4.7.0/thumb\libgcc.a(_clzsi2.o)
 .data          0x0202c278        0x0 c:/devkitpro/devkitarm/bin/../lib/gcc/arm-eabi/4.7.0/../../../../arm-eabi/lib/thumb\libg.a(lib_a-abort.o)
 .data          0x0202c278        0x0 c:/devkitpro/devkitarm/bin/../lib/gcc/arm-eabi/4.7.0/../../../../arm-eabi/lib/thumb\libg.a(lib_a-errno.o)
 .data          0x0202c278        0x0 c:/devkitpro/devkitarm/bin/../lib/gcc/arm-eabi/4.7.0/../../../../arm-eabi/lib/thumb\libg.a(lib_a-signal.o)
 .data          0x0202c278        0x0 c:/devkitpro/devkitarm/bin/../lib/gcc/arm-eabi/4.7.0/../../../../arm-eabi/lib/thumb\libsysbase.a(getpid.o)
 .data          0x0202c278        0x0 c:/devkitpro/devkitarm/bin/../lib/gcc/arm-eabi/4.7.0/../../../../arm-eabi/lib/thumb\libsysbase.a(kill.o)
 .data          0x0202c278        0x0 c:/devkitpro/devkitarm/bin/../lib/gcc/arm-eabi/4.7.0/../../../../arm-eabi/lib/thumb\libsysbase.a(_exit.o)
 .data          0x0202c278        0x0 c:/devkitpro/devkitarm/bin/../lib/gcc/arm-eabi/4.7.0/thumb/crtend.o
 .data          0x0202c278        0x0 c:/devkitpro/devkitarm/bin/../lib/gcc/arm-eabi/4.7.0/thumb/crtn.o
 *(.data.*)
 *(.gnu.linkonce.d*)
                0x0202c278                . = ALIGN (0x4)
                0x0202c278                __data_end = ABSOLUTE (.)
                0x0202c278                __dtcm_lma = .
                0x0202c278                __bss_vma = .

.igot.plt       0x0202c278        0x0
 .igot.plt      0x00000000        0x0 c:/devkitpro/devkitarm/bin/../lib/gcc/arm-eabi/4.7.0/../../../../arm-eabi/lib/thumb/ds_arm9_crt0.o

.tm_clone_table
                0x0202c278        0x0
 .tm_clone_table
                0x0202c278        0x0 c:/devkitpro/devkitarm/bin/../lib/gcc/arm-eabi/4.7.0/thumb/crtbegin.o
 .tm_clone_table
                0x0202c278        0x0 c:/devkitpro/devkitarm/bin/../lib/gcc/arm-eabi/4.7.0/thumb/crtend.o

.dtcm           0x0b000000        0x0 load address 0x0202c278
 *(.dtcm)
 *(.dtcm.*)
                0x0b000000                . = ALIGN (0x4)
                0x0b000000                __dtcm_end = ABSOLUTE (.)
                0x0202c278                __itcm_lma = (__dtcm_lma + SIZEOF (.dtcm))

.itcm           0x01000100      0x194 load address 0x0202c278
 *(.itcm)
 .itcm          0x01000100       0xc8 c:/devkitPro/libnds/lib\libnds9.a(interrupts.o)
                0x01000100                irqTable
 .itcm          0x010001c8       0xcc c:/devkitPro/libnds/lib\libnds9.a(interruptDispatcher.o)
                0x010001c8                IntrMain
 *itcm.*(.text)
                0x01000294                . = ALIGN (0x4)
                0x01000294                __itcm_end = ABSOLUTE (.)
                0x0202c40c                __vectors_lma = (__itcm_lma + SIZEOF (.itcm))

.vectors        0x01000000        0x0 load address 0x0202c40c
 *(.vectors)
 *vectors.*(.text)
                0x01000000                . = ALIGN (0x4)
                0x01000000                __vectors_end = ABSOLUTE (.)

.sbss           0x0b000000        0x0
                0x0b000000                __sbss_start = ABSOLUTE (.)
                0x0b000000                __sbss_start__ = ABSOLUTE (.)
 *(.sbss)
                0x0b000000                . = ALIGN (0x4)
                0x0b000000                __sbss_end = ABSOLUTE (.)

.bss            0x0202c278     0x2780
                0x0202c278                __bss_start = ABSOLUTE (.)
                0x0202c278                __bss_start__ = ABSOLUTE (.)
 *(.dynbss)
 *(.gnu.linkonce.b*)
 *(.bss*)
 .bss           0x0202c278        0x0 c:/devkitpro/devkitarm/bin/../lib/gcc/arm-eabi/4.7.0/../../../../arm-eabi/lib/thumb/ds_arm9_crt0.o
 .bss           0x0202c278        0x0 c:/devkitpro/devkitarm/bin/../lib/gcc/arm-eabi/4.7.0/thumb/crti.o
 .bss           0x0202c278       0x1c c:/devkitpro/devkitarm/bin/../lib/gcc/arm-eabi/4.7.0/thumb/crtbegin.o
 .bss           0x0202c294        0x0 soundbank.bin.o
 .bss           0x0202c294        0x0 MainBg.o
 .bss           0x0202c294        0x0 MainBg2.o
 .bss           0x0202c294        0x0 MainBg2_automatic.o
 .bss           0x0202c294        0x0 MainBg2_manual.o
 .bss           0x0202c294        0x0 automaticOff1.o
 .bss           0x0202c294        0x0 automaticOff2.o
 .bss           0x0202c294        0x0 automaticOff3.o
 .bss           0x0202c294        0x0 automaticOn1.o
 .bss           0x0202c294        0x0 automaticOn2.o
 .bss           0x0202c294        0x0 automaticOn3.o
 .bss           0x0202c294        0x0 manualOff1.o
 .bss           0x0202c294        0x0 manualOff2.o
 .bss           0x0202c294        0x0 manualOff3.o
 .bss           0x0202c294        0x0 manualOn1.o
 .bss           0x0202c294        0x0 manualOn2.o
 .bss           0x0202c294        0x0 manualOn3.o
 .bss           0x0202c294        0x0 yang1.o
 .bss           0x0202c294        0x0 yang2.o
 .bss           0x0202c294        0x0 yin1.o
 .bss           0x0202c294        0x0 yin2.o
 .bss           0x0202c294        0x0 main.o
 .bss           0x0202c294        0x0 c:/devkitPro/libnds/lib\libnds9.a(background.o)
 .bss           0x0202c294        0x0 c:/devkitPro/libnds/lib\libnds9.a(console.o)
 .bss           0x0202c294        0x0 c:/devkitPro/libnds/lib\libnds9.a(decompress.o)
 .bss           0x0202c294        0x6 c:/devkitPro/libnds/lib\libnds9.a(keys.o)
 .bss           0x0202c29a        0x0 c:/devkitPro/libnds/lib\libnds9.a(sassert.o)
 .bss           0x0202c29a        0x0 c:/devkitPro/libnds/lib\libnds9.a(sprite.o)
 .bss           0x0202c29a        0x0 c:/devkitPro/libnds/lib\libnds9.a(sprite_alloc.o)
 .bss           0x0202c29a        0x0 c:/devkitPro/libnds/lib\libnds9.a(touch.o)
 .bss           0x0202c29a        0x0 c:/devkitPro/libnds/lib\libnds9.a(trig.o)
 .bss           0x0202c29a        0x0 c:/devkitPro/libnds/lib\libnds9.a(initSystem.o)
 *fill*         0x0202c29a        0x2 00
 .bss           0x0202c29c        0x8 c:/devkitPro/libnds/lib\libnds9.a(fifosystem.o)
                0x0202c2a0                processing
 .bss           0x0202c2a4        0x0 c:/devkitPro/libnds/lib\libnds9.a(interrupts.o)
 .bss           0x0202c2a4        0x0 c:/devkitPro/libnds/lib\libnds9.a(libnds_exit.arm.o)
 .bss           0x0202c2a4        0x0 c:/devkitPro/libnds/lib\libnds9.a(syscalls.o)
 .bss           0x0202c2a4        0x0 c:/devkitPro/libnds/lib\libnds9.a(dcache.o)
 .bss           0x0202c2a4        0x0 c:/devkitPro/libnds/lib\libnds9.a(mpu_setup.o)
 .bss           0x0202c2a4        0x0 c:/devkitPro/libnds/lib\libnds9.a(biosCalls.o)
 .bss           0x0202c2a4        0x0 c:/devkitPro/libnds/lib\libnds9.a(debugprint.o)
 .bss           0x0202c2a4        0x0 c:/devkitPro/libnds/lib\libnds9.a(interruptDispatcher.o)
 .bss           0x0202c2a4        0x0 c:/devkitPro/libnds/lib\libnds9.a(swiSoftReset.o)
 .bss           0x0202c2a4        0x0 c:/devkitPro/libnds/lib\libnds9.a(default_font.bin.o)
 .bss           0x0202c2a4        0x4 c:/devkitPro/libnds/lib\libnds9.a(system.o)
 .bss           0x0202c2a8        0x0 c:/devkitPro/libnds/lib\libnds9.a(video.o)
 .bss           0x0202c2a8        0x0 c:/devkitpro/devkitarm/bin/../lib/gcc/arm-eabi/4.7.0/thumb\libgcc.a(_divsi3.o)
 .bss           0x0202c2a8        0x0 c:/devkitpro/devkitarm/bin/../lib/gcc/arm-eabi/4.7.0/thumb\libgcc.a(_dvmd_tls.o)
 .bss           0x0202c2a8        0x0 c:/devkitpro/devkitarm/bin/../lib/gcc/arm-eabi/4.7.0/thumb\libgcc.a(_arm_addsubdf3.o)
 .bss           0x0202c2a8        0x0 c:/devkitpro/devkitarm/bin/../lib/gcc/arm-eabi/4.7.0/thumb\libgcc.a(_arm_muldivdf3.o)
 .bss           0x0202c2a8        0x0 c:/devkitpro/devkitarm/bin/../lib/gcc/arm-eabi/4.7.0/thumb\libgcc.a(_arm_fixdfsi.o)
 .bss           0x0202c2a8        0x0 c:/devkitpro/devkitarm/bin/../lib/gcc/arm-eabi/4.7.0/../../../../arm-eabi/lib/thumb\libg.a(lib_a-bsearch.o)
 .bss           0x0202c2a8        0x0 c:/devkitpro/devkitarm/bin/../lib/gcc/arm-eabi/4.7.0/../../../../arm-eabi/lib/thumb\libg.a(lib_a-impure.o)
 .bss           0x0202c2a8        0x0 c:/devkitpro/devkitarm/bin/../lib/gcc/arm-eabi/4.7.0/../../../../arm-eabi/lib/thumb\libg.a(lib_a-init.o)
 .bss           0x0202c2a8        0x0 c:/devkitpro/devkitarm/bin/../lib/gcc/arm-eabi/4.7.0/../../../../arm-eabi/lib/thumb\libg.a(lib_a-iprintf.o)
 .bss           0x0202c2a8        0x0 c:/devkitpro/devkitarm/bin/../lib/gcc/arm-eabi/4.7.0/../../../../arm-eabi/lib/thumb\libg.a(lib_a-malloc.o)
 .bss           0x0202c2a8       0x34 c:/devkitpro/devkitarm/bin/../lib/gcc/arm-eabi/4.7.0/../../../../arm-eabi/lib/thumb\libg.a(lib_a-mallocr.o)
                0x0202c2a8                __malloc_top_pad
                0x0202c2ac                __malloc_current_mallinfo
                0x0202c2d4                __malloc_max_sbrked_mem
                0x0202c2d8                __malloc_max_total_mem
 .bss           0x0202c2dc        0x0 c:/devkitpro/devkitarm/bin/../lib/gcc/arm-eabi/4.7.0/../../../../arm-eabi/lib/thumb\libg.a(lib_a-memcpy-stub.o)
 .bss           0x0202c2dc        0x0 c:/devkitpro/devkitarm/bin/../lib/gcc/arm-eabi/4.7.0/../../../../arm-eabi/lib/thumb\libg.a(lib_a-mlock.o)
 .bss           0x0202c2dc        0x0 c:/devkitpro/devkitarm/bin/../lib/gcc/arm-eabi/4.7.0/../../../../arm-eabi/lib/thumb\libg.a(lib_a-printf.o)
 .bss           0x0202c2dc        0x0 c:/devkitpro/devkitarm/bin/../lib/gcc/arm-eabi/4.7.0/../../../../arm-eabi/lib/thumb\libg.a(lib_a-putchar.o)
 .bss           0x0202c2dc        0x0 c:/devkitpro/devkitarm/bin/../lib/gcc/arm-eabi/4.7.0/../../../../arm-eabi/lib/thumb\libg.a(lib_a-putc.o)
 .bss           0x0202c2dc        0x0 c:/devkitpro/devkitarm/bin/../lib/gcc/arm-eabi/4.7.0/../../../../arm-eabi/lib/thumb\libg.a(lib_a-puts.o)
 .bss           0x0202c2dc        0x0 c:/devkitpro/devkitarm/bin/../lib/gcc/arm-eabi/4.7.0/../../../../arm-eabi/lib/thumb\libg.a(lib_a-rand.o)
 .bss           0x0202c2dc        0x0 c:/devkitpro/devkitarm/bin/../lib/gcc/arm-eabi/4.7.0/../../../../arm-eabi/lib/thumb\libg.a(lib_a-realloc.o)
 .bss           0x0202c2dc        0x0 c:/devkitpro/devkitarm/bin/../lib/gcc/arm-eabi/4.7.0/../../../../arm-eabi/lib/thumb\libg.a(lib_a-reallocr.o)
 .bss           0x0202c2dc        0x0 c:/devkitpro/devkitarm/bin/../lib/gcc/arm-eabi/4.7.0/../../../../arm-eabi/lib/thumb\libg.a(lib_a-setvbuf.o)
 .bss           0x0202c2dc        0x0 c:/devkitpro/devkitarm/bin/../lib/gcc/arm-eabi/4.7.0/../../../../arm-eabi/lib/thumb\libg.a(lib_a-siscanf.o)
 .bss           0x0202c2dc        0x0 c:/devkitpro/devkitarm/bin/../lib/gcc/arm-eabi/4.7.0/../../../../arm-eabi/lib/thumb\libg.a(lib_a-stdio.o)
 .bss           0x0202c2dc        0x0 c:/devkitpro/devkitarm/bin/../lib/gcc/arm-eabi/4.7.0/../../../../arm-eabi/lib/thumb\libg.a(lib_a-strlen.o)
 .bss           0x0202c2dc        0x0 c:/devkitpro/devkitarm/bin/../lib/gcc/arm-eabi/4.7.0/../../../../arm-eabi/lib/thumb\libg.a(lib_a-svfiscanf.o)
 .bss           0x0202c2dc        0x0 c:/devkitpro/devkitarm/bin/../lib/gcc/arm-eabi/4.7.0/../../../../arm-eabi/lib/thumb\libg.a(lib_a-time.o)
 .bss           0x0202c2dc        0x0 c:/devkitpro/devkitarm/bin/../lib/gcc/arm-eabi/4.7.0/../../../../arm-eabi/lib/thumb\libg.a(lib_a-ungetc.o)
 .bss           0x0202c2dc        0x0 c:/devkitpro/devkitarm/bin/../lib/gcc/arm-eabi/4.7.0/../../../../arm-eabi/lib/thumb\libg.a(lib_a-vfiprintf.o)
 .bss           0x0202c2dc        0x0 c:/devkitpro/devkitarm/bin/../lib/gcc/arm-eabi/4.7.0/../../../../arm-eabi/lib/thumb\libg.a(lib_a-vfprintf.o)
 .bss           0x0202c2dc        0x0 c:/devkitpro/devkitarm/bin/../lib/gcc/arm-eabi/4.7.0/../../../../arm-eabi/lib/thumb\libg.a(lib_a-wbuf.o)
 .bss           0x0202c2dc        0x0 c:/devkitpro/devkitarm/bin/../lib/gcc/arm-eabi/4.7.0/../../../../arm-eabi/lib/thumb\libg.a(lib_a-wcrtomb.o)
 .bss           0x0202c2dc        0x0 c:/devkitpro/devkitarm/bin/../lib/gcc/arm-eabi/4.7.0/../../../../arm-eabi/lib/thumb\libg.a(lib_a-wcsrtombs.o)
 .bss           0x0202c2dc        0x0 c:/devkitpro/devkitarm/bin/../lib/gcc/arm-eabi/4.7.0/../../../../arm-eabi/lib/thumb\libg.a(lib_a-wctomb_r.o)
 .bss           0x0202c2dc        0x0 c:/devkitpro/devkitarm/bin/../lib/gcc/arm-eabi/4.7.0/../../../../arm-eabi/lib/thumb\libg.a(lib_a-wsetup.o)
 .bss           0x0202c2dc        0x0 c:/devkitpro/devkitarm/bin/../lib/gcc/arm-eabi/4.7.0/../../../../arm-eabi/lib/thumb\libg.a(lib_a-ctype_.o)
 .bss           0x0202c2dc        0x0 c:/devkitpro/devkitarm/bin/../lib/gcc/arm-eabi/4.7.0/../../../../arm-eabi/lib/thumb\libg.a(lib_a-dtoa.o)
 .bss           0x0202c2dc        0x0 c:/devkitpro/devkitarm/bin/../lib/gcc/arm-eabi/4.7.0/../../../../arm-eabi/lib/thumb\libg.a(lib_a-fflush.o)
 .bss           0x0202c2dc        0x0 c:/devkitpro/devkitarm/bin/../lib/gcc/arm-eabi/4.7.0/../../../../arm-eabi/lib/thumb\libg.a(lib_a-findfp.o)
 .bss           0x0202c2dc        0x0 c:/devkitpro/devkitarm/bin/../lib/gcc/arm-eabi/4.7.0/../../../../arm-eabi/lib/thumb\libg.a(lib_a-fputwc.o)
 .bss           0x0202c2dc        0x0 c:/devkitpro/devkitarm/bin/../lib/gcc/arm-eabi/4.7.0/../../../../arm-eabi/lib/thumb\libg.a(lib_a-freer.o)
 .bss           0x0202c2dc        0x0 c:/devkitpro/devkitarm/bin/../lib/gcc/arm-eabi/4.7.0/../../../../arm-eabi/lib/thumb\libg.a(lib_a-fvwrite.o)
 .bss           0x0202c2dc        0x0 c:/devkitpro/devkitarm/bin/../lib/gcc/arm-eabi/4.7.0/../../../../arm-eabi/lib/thumb\libg.a(lib_a-fwalk.o)
 .bss           0x0202c2dc        0x0 c:/devkitpro/devkitarm/bin/../lib/gcc/arm-eabi/4.7.0/../../../../arm-eabi/lib/thumb\libg.a(lib_a-iswspace.o)
 .bss           0x0202c2dc        0x0 c:/devkitpro/devkitarm/bin/../lib/gcc/arm-eabi/4.7.0/../../../../arm-eabi/lib/thumb\libg.a(lib_a-jp2uc.o)
 .bss           0x0202c2dc      0x2b8 c:/devkitpro/devkitarm/bin/../lib/gcc/arm-eabi/4.7.0/../../../../arm-eabi/lib/thumb\libg.a(lib_a-locale.o)
                0x0202c588                _PathLocale
                0x0202c58c                __mlocale_changed
                0x0202c590                __nlocale_changed
 .bss           0x0202c594        0x0 c:/devkitpro/devkitarm/bin/../lib/gcc/arm-eabi/4.7.0/../../../../arm-eabi/lib/thumb\libg.a(lib_a-makebuf.o)
 .bss           0x0202c594        0x0 c:/devkitpro/devkitarm/bin/../lib/gcc/arm-eabi/4.7.0/../../../../arm-eabi/lib/thumb\libg.a(lib_a-mbrtowc.o)
 .bss           0x0202c594        0x0 c:/devkitpro/devkitarm/bin/../lib/gcc/arm-eabi/4.7.0/../../../../arm-eabi/lib/thumb\libg.a(lib_a-mbtowc_r.o)
 .bss           0x0202c594        0x0 c:/devkitpro/devkitarm/bin/../lib/gcc/arm-eabi/4.7.0/../../../../arm-eabi/lib/thumb\libg.a(lib_a-memchr-stub.o)
 .bss           0x0202c594        0x0 c:/devkitpro/devkitarm/bin/../lib/gcc/arm-eabi/4.7.0/../../../../arm-eabi/lib/thumb\libg.a(lib_a-memmove.o)
 .bss           0x0202c594        0x0 c:/devkitpro/devkitarm/bin/../lib/gcc/arm-eabi/4.7.0/../../../../arm-eabi/lib/thumb\libg.a(lib_a-memset.o)
 .bss           0x0202c594        0x0 c:/devkitpro/devkitarm/bin/../lib/gcc/arm-eabi/4.7.0/../../../../arm-eabi/lib/thumb\libg.a(lib_a-mprec.o)
 .bss           0x0202c594        0x0 c:/devkitpro/devkitarm/bin/../lib/gcc/arm-eabi/4.7.0/../../../../arm-eabi/lib/thumb\libg.a(lib_a-sccl.o)
 .bss           0x0202c594        0x0 c:/devkitpro/devkitarm/bin/../lib/gcc/arm-eabi/4.7.0/../../../../arm-eabi/lib/thumb\libg.a(lib_a-s_fpclassify.o)
 .bss           0x0202c594        0x0 c:/devkitpro/devkitarm/bin/../lib/gcc/arm-eabi/4.7.0/../../../../arm-eabi/lib/thumb\libg.a(lib_a-strcasecmp.o)
 .bss           0x0202c594        0x0 c:/devkitpro/devkitarm/bin/../lib/gcc/arm-eabi/4.7.0/../../../../arm-eabi/lib/thumb\libg.a(lib_a-strcat.o)
 .bss           0x0202c594        0x0 c:/devkitpro/devkitarm/bin/../lib/gcc/arm-eabi/4.7.0/../../../../arm-eabi/lib/thumb\libg.a(lib_a-strchr.o)
 .bss           0x0202c594        0x0 c:/devkitpro/devkitarm/bin/../lib/gcc/arm-eabi/4.7.0/../../../../arm-eabi/lib/thumb\libg.a(lib_a-strcmp.o)
 .bss           0x0202c594        0x0 c:/devkitpro/devkitarm/bin/../lib/gcc/arm-eabi/4.7.0/../../../../arm-eabi/lib/thumb\libg.a(lib_a-strcpy.o)
 .bss           0x0202c594        0x0 c:/devkitpro/devkitarm/bin/../lib/gcc/arm-eabi/4.7.0/../../../../arm-eabi/lib/thumb\libg.a(lib_a-strlcpy.o)
 .bss           0x0202c594        0x0 c:/devkitpro/devkitarm/bin/../lib/gcc/arm-eabi/4.7.0/../../../../arm-eabi/lib/thumb\libg.a(lib_a-strncasecmp.o)
 .bss           0x0202c594        0x0 c:/devkitpro/devkitarm/bin/../lib/gcc/arm-eabi/4.7.0/../../../../arm-eabi/lib/thumb\libg.a(lib_a-strncmp.o)
 .bss           0x0202c594        0x0 c:/devkitpro/devkitarm/bin/../lib/gcc/arm-eabi/4.7.0/../../../../arm-eabi/lib/thumb\libg.a(lib_a-strncpy.o)
 .bss           0x0202c594        0x0 c:/devkitpro/devkitarm/bin/../lib/gcc/arm-eabi/4.7.0/../../../../arm-eabi/lib/thumb\libg.a(lib_a-strtoll_r.o)
 .bss           0x0202c594        0x0 c:/devkitpro/devkitarm/bin/../lib/gcc/arm-eabi/4.7.0/../../../../arm-eabi/lib/thumb\libg.a(lib_a-strtol.o)
 .bss           0x0202c594        0x0 c:/devkitpro/devkitarm/bin/../lib/gcc/arm-eabi/4.7.0/../../../../arm-eabi/lib/thumb\libg.a(lib_a-strtoull_r.o)
 .bss           0x0202c594        0x0 c:/devkitpro/devkitarm/bin/../lib/gcc/arm-eabi/4.7.0/../../../../arm-eabi/lib/thumb\libg.a(lib_a-strtoul.o)
 .bss           0x0202c594        0x0 c:/devkitpro/devkitarm/bin/../lib/gcc/arm-eabi/4.7.0/../../../../arm-eabi/lib/thumb\libg.a(lib_a-wcsnrtombs.o)
 .bss           0x0202c594        0x0 c:/devkitpro/devkitarm/bin/../lib/gcc/arm-eabi/4.7.0/../../../../arm-eabi/lib/thumb\libg.a(lib_a-callocr.o)
 .bss           0x0202c594        0x0 c:/devkitpro/devkitarm/bin/../lib/gcc/arm-eabi/4.7.0/../../../../arm-eabi/lib/thumb\libg.a(lib_a-fclose.o)
 .bss           0x0202c594        0x0 c:/devkitpro/devkitarm/bin/../lib/gcc/arm-eabi/4.7.0/../../../../arm-eabi/lib/thumb\libg.a(lib_a-getenv_r.o)
 .bss           0x0202c594        0x4 c:/devkitpro/devkitarm/bin/../lib/gcc/arm-eabi/4.7.0/../../../../arm-eabi/lib/thumb\libg.a(lib_a-environ.o)
 .bss           0x0202c598        0x0 c:/devkitpro/devkitarm/bin/../lib/gcc/arm-eabi/4.7.0/../../../../arm-eabi/lib/thumb\libg.a(lib_a-envlock.o)
 .bss           0x0202c598        0x0 c:/devkitpro/devkitarm/bin/../lib/gcc/arm-eabi/4.7.0/../../../../arm-eabi/lib/thumb\libsysbase.a(iosupport.o)
 .bss           0x0202c598        0x0 c:/devkitpro/devkitarm/bin/../lib/gcc/arm-eabi/4.7.0/../../../../arm-eabi/lib/thumb\libsysbase.a(close.o)
 .bss           0x0202c598        0x0 c:/devkitpro/devkitarm/bin/../lib/gcc/arm-eabi/4.7.0/../../../../arm-eabi/lib/thumb\libsysbase.a(fstat.o)
 .bss           0x0202c598        0x0 c:/devkitpro/devkitarm/bin/../lib/gcc/arm-eabi/4.7.0/../../../../arm-eabi/lib/thumb\libsysbase.a(isatty.o)
 .bss           0x0202c598        0x0 c:/devkitpro/devkitarm/bin/../lib/gcc/arm-eabi/4.7.0/../../../../arm-eabi/lib/thumb\libsysbase.a(lseek.o)
 .bss           0x0202c598        0x0 c:/devkitpro/devkitarm/bin/../lib/gcc/arm-eabi/4.7.0/../../../../arm-eabi/lib/thumb\libsysbase.a(read.o)
 .bss           0x0202c598        0x4 c:/devkitpro/devkitarm/bin/../lib/gcc/arm-eabi/4.7.0/../../../../arm-eabi/lib/thumb\libsysbase.a(sbrk.o)
 .bss           0x0202c59c        0x0 c:/devkitpro/devkitarm/bin/../lib/gcc/arm-eabi/4.7.0/../../../../arm-eabi/lib/thumb\libsysbase.a(times.o)
 .bss           0x0202c59c        0x0 c:/devkitpro/devkitarm/bin/../lib/gcc/arm-eabi/4.7.0/../../../../arm-eabi/lib/thumb\libsysbase.a(write.o)
 .bss           0x0202c59c        0x8 c:/devkitpro/devkitarm/bin/../lib/gcc/arm-eabi/4.7.0/../../../../arm-eabi/lib/thumb\libsysbase.a(malloc_vars.o)
                0x0202c59c                fake_heap_start
                0x0202c5a0                fake_heap_end